Archive member included to satisfy reference by file (symbol)

/home/oem/Ac6/SystemWorkbench/plugins/fr.ac6.mcu.externaltools.arm-none.linux64_1.16.0.201807130628/tools/compiler/bin/../lib/gcc/arm-none-eabi/7.2.1/../../../../arm-none-eabi/lib/thumb/v7e-m/fpv4-sp/hard/libc.a(lib_a-errno.o)
                              src/syscalls.o (__errno)
/home/oem/Ac6/SystemWorkbench/plugins/fr.ac6.mcu.externaltools.arm-none.linux64_1.16.0.201807130628/tools/compiler/bin/../lib/gcc/arm-none-eabi/7.2.1/../../../../arm-none-eabi/lib/thumb/v7e-m/fpv4-sp/hard/libc.a(lib_a-exit.o)
                              /home/oem/Ac6/SystemWorkbench/plugins/fr.ac6.mcu.externaltools.arm-none.linux64_1.16.0.201807130628/tools/compiler/bin/../lib/gcc/arm-none-eabi/7.2.1/../../../../arm-none-eabi/lib/thumb/v7e-m/fpv4-sp/hard/crt0.o (exit)
/home/oem/Ac6/SystemWorkbench/plugins/fr.ac6.mcu.externaltools.arm-none.linux64_1.16.0.201807130628/tools/compiler/bin/../lib/gcc/arm-none-eabi/7.2.1/../../../../arm-none-eabi/lib/thumb/v7e-m/fpv4-sp/hard/libc.a(lib_a-impure.o)
                              /home/oem/Ac6/SystemWorkbench/plugins/fr.ac6.mcu.externaltools.arm-none.linux64_1.16.0.201807130628/tools/compiler/bin/../lib/gcc/arm-none-eabi/7.2.1/../../../../arm-none-eabi/lib/thumb/v7e-m/fpv4-sp/hard/libc.a(lib_a-exit.o) (_global_impure_ptr)
/home/oem/Ac6/SystemWorkbench/plugins/fr.ac6.mcu.externaltools.arm-none.linux64_1.16.0.201807130628/tools/compiler/bin/../lib/gcc/arm-none-eabi/7.2.1/../../../../arm-none-eabi/lib/thumb/v7e-m/fpv4-sp/hard/libc.a(lib_a-init.o)
                              /home/oem/Ac6/SystemWorkbench/plugins/fr.ac6.mcu.externaltools.arm-none.linux64_1.16.0.201807130628/tools/compiler/bin/../lib/gcc/arm-none-eabi/7.2.1/../../../../arm-none-eabi/lib/thumb/v7e-m/fpv4-sp/hard/crt0.o (__libc_init_array)
/home/oem/Ac6/SystemWorkbench/plugins/fr.ac6.mcu.externaltools.arm-none.linux64_1.16.0.201807130628/tools/compiler/bin/../lib/gcc/arm-none-eabi/7.2.1/../../../../arm-none-eabi/lib/thumb/v7e-m/fpv4-sp/hard/libc.a(lib_a-memset.o)
                              /home/oem/Ac6/SystemWorkbench/plugins/fr.ac6.mcu.externaltools.arm-none.linux64_1.16.0.201807130628/tools/compiler/bin/../lib/gcc/arm-none-eabi/7.2.1/../../../../arm-none-eabi/lib/thumb/v7e-m/fpv4-sp/hard/crt0.o (memset)
/home/oem/Ac6/SystemWorkbench/plugins/fr.ac6.mcu.externaltools.arm-none.linux64_1.16.0.201807130628/tools/compiler/bin/../lib/gcc/arm-none-eabi/7.2.1/../../../../arm-none-eabi/lib/thumb/v7e-m/fpv4-sp/hard/libc.a(lib_a-__call_atexit.o)
                              /home/oem/Ac6/SystemWorkbench/plugins/fr.ac6.mcu.externaltools.arm-none.linux64_1.16.0.201807130628/tools/compiler/bin/../lib/gcc/arm-none-eabi/7.2.1/../../../../arm-none-eabi/lib/thumb/v7e-m/fpv4-sp/hard/libc.a(lib_a-exit.o) (__call_exitprocs)
/home/oem/Ac6/SystemWorkbench/plugins/fr.ac6.mcu.externaltools.arm-none.linux64_1.16.0.201807130628/tools/compiler/bin/../lib/gcc/arm-none-eabi/7.2.1/../../../../arm-none-eabi/lib/thumb/v7e-m/fpv4-sp/hard/libc.a(lib_a-atexit.o)
                              /home/oem/Ac6/SystemWorkbench/plugins/fr.ac6.mcu.externaltools.arm-none.linux64_1.16.0.201807130628/tools/compiler/bin/../lib/gcc/arm-none-eabi/7.2.1/../../../../arm-none-eabi/lib/thumb/v7e-m/fpv4-sp/hard/libc.a(lib_a-__call_atexit.o) (atexit)
/home/oem/Ac6/SystemWorkbench/plugins/fr.ac6.mcu.externaltools.arm-none.linux64_1.16.0.201807130628/tools/compiler/bin/../lib/gcc/arm-none-eabi/7.2.1/../../../../arm-none-eabi/lib/thumb/v7e-m/fpv4-sp/hard/libc.a(lib_a-fini.o)
                              /home/oem/Ac6/SystemWorkbench/plugins/fr.ac6.mcu.externaltools.arm-none.linux64_1.16.0.201807130628/tools/compiler/bin/../lib/gcc/arm-none-eabi/7.2.1/../../../../arm-none-eabi/lib/thumb/v7e-m/fpv4-sp/hard/libc.a(lib_a-__call_atexit.o) (__libc_fini_array)
/home/oem/Ac6/SystemWorkbench/plugins/fr.ac6.mcu.externaltools.arm-none.linux64_1.16.0.201807130628/tools/compiler/bin/../lib/gcc/arm-none-eabi/7.2.1/../../../../arm-none-eabi/lib/thumb/v7e-m/fpv4-sp/hard/libc.a(lib_a-lock.o)
                              /home/oem/Ac6/SystemWorkbench/plugins/fr.ac6.mcu.externaltools.arm-none.linux64_1.16.0.201807130628/tools/compiler/bin/../lib/gcc/arm-none-eabi/7.2.1/../../../../arm-none-eabi/lib/thumb/v7e-m/fpv4-sp/hard/libc.a(lib_a-__call_atexit.o) (__retarget_lock_acquire_recursive)
/home/oem/Ac6/SystemWorkbench/plugins/fr.ac6.mcu.externaltools.arm-none.linux64_1.16.0.201807130628/tools/compiler/bin/../lib/gcc/arm-none-eabi/7.2.1/../../../../arm-none-eabi/lib/thumb/v7e-m/fpv4-sp/hard/libc.a(lib_a-__atexit.o)
                              /home/oem/Ac6/SystemWorkbench/plugins/fr.ac6.mcu.externaltools.arm-none.linux64_1.16.0.201807130628/tools/compiler/bin/../lib/gcc/arm-none-eabi/7.2.1/../../../../arm-none-eabi/lib/thumb/v7e-m/fpv4-sp/hard/libc.a(lib_a-atexit.o) (__register_exitproc)

Allocating common symbols
Common symbol       size              file

__lock___atexit_recursive_mutex
[...]
Memory Configuration

Name             Origin             Length             Attributes
RAM              0x0000000020000000 0x0000000000020000 xrw
ROM              0x0000000008000000 0x0000000000100000 xr
*default*        0x0000000000000000 0xffffffffffffffff

Linker script and memory map

LOAD /home/oem/Ac6/SystemWorkbench/plugins/fr.ac6.mcu.externaltools.arm-none.linux64_1.16.0.201807130628/tools/compiler/bin/../lib/gcc/arm-none-eabi/7.2.1/thumb/v7e-m/fpv4-sp/hard/crti.o
LOAD /home/oem/Ac6/SystemWorkbench/plugins/fr.ac6.mcu.externaltools.arm-none.linux64_1.16.0.201807130628/tools/compiler/bin/../lib/gcc/arm-none-eabi/7.2.1/thumb/v7e-m/fpv4-sp/hard/crtbegin.o
LOAD /home/oem/Ac6/SystemWorkbench/plugins/fr.ac6.mcu.externaltools.arm-none.linux64_1.16.0.201807130628/tools/compiler/bin/../lib/gcc/arm-none-eabi/7.2.1/../../../../arm-none-eabi/lib/thumb/v7e-m/fpv4-sp/hard/crt0.o
LOAD src/dma.o
LOAD src/exti.o
LOAD src/flash.o
LOAD src/gpio.o
LOAD src/main.o
LOAD src/nvic.o
LOAD src/rcc.o
LOAD src/spi.o
LOAD src/spi_dma.o
LOAD src/stm32f4xx_it.o
LOAD src/stmeval_led.o
LOAD src/syscalls.o
LOAD src/sysinit.o
LOAD src/system_stm32f4xx.o
LOAD src/tlc5971.o
LOAD startup/startup_stm32.o
LOAD /home/oem/Ac6/SystemWorkbench/plugins/fr.ac6.mcu.externaltools.arm-none.linux64_1.16.0.201807130628/tools/compiler/bin/../lib/gcc/arm-none-eabi/7.2.1/../../../../arm-none-eabi/lib/thumb/v7e-m/fpv4-sp/hard/libm.a
START GROUP
LOAD /home/oem/Ac6/SystemWorkbench/plugins/fr.ac6.mcu.externaltools.arm-none.linux64_1.16.0.201807130628/tools/compiler/bin/../lib/gcc/arm-none-eabi/7.2.1/thumb/v7e-m/fpv4-sp/hard/libgcc.a
LOAD /home/oem/Ac6/SystemWorkbench/plugins/fr.ac6.mcu.externaltools.arm-none.linux64_1.16.0.201807130628/tools/compiler/bin/../lib/gcc/arm-none-eabi/7.2.1/../../../../arm-none-eabi/lib/thumb/v7e-m/fpv4-sp/hard/libc.a
END GROUP
LOAD /home/oem/Ac6/SystemWorkbench/plugins/fr.ac6.mcu.externaltools.arm-none.linux64_1.16.0.201807130628/tools/compiler/bin/../lib/gcc/arm-none-eabi/7.2.1/thumb/v7e-m/fpv4-sp/hard/crtend.o
LOAD /home/oem/Ac6/SystemWorkbench/plugins/fr.ac6.mcu.externaltools.arm-none.linux64_1.16.0.201807130628/tools/compiler/bin/../lib/gcc/arm-none-eabi/7.2.1/thumb/v7e-m/fpv4-sp/hard/crtn.o
                0x0000000020020000                _estack = 0x20020000
                0x0000000000000000                _Min_Heap_Size = 0x0
                0x0000000000000400                _Min_Stack_Size = 0x400

.isr_vector     0x0000000008000000      0x1a8
                0x0000000008000000                . = ALIGN (0x4)
 *(.isr_vector)
 .isr_vector    0x0000000008000000      0x1a8 startup/startup_stm32.o
                0x0000000008000000                g_pfnVectors
                0x00000000080001a8                . = ALIGN (0x4)

.text           0x00000000080001a8     0x1438
                0x00000000080001a8                . = ALIGN (0x4)
 *(.text)
 .text          0x00000000080001a8       0x40 /home/oem/Ac6/SystemWorkbench/plugins/fr.ac6.mcu.externaltools.arm-none.linux64_1.16.0.201807130628/tools/compiler/bin/../lib/gcc/arm-none-eabi/7.2.1/thumb/v7e-m/fpv4-sp/hard/crtbegin.o
 *(.text*)
 .text.NVIC_ClearPendingIRQ
                0x00000000080001e8       0x34 src/dma.o
 .text.DMA_clearFlag
                0x000000000800021c       0x8c src/dma.o
                0x000000000800021c                DMA_clearFlag
 .text.DMA_init
                0x00000000080002a8       0x46 src/dma.o
                0x00000000080002a8                DMA_init
 .text.TM_DMA_TransferCompleteHandler
                0x00000000080002ee       0x14 src/dma.o
                0x00000000080002ee                TM_DMA_TransferCompleteHandler
 .text.TM_DMA_HalfTransferCompleteHandler
                0x0000000008000302       0x14 src/dma.o
                0x0000000008000302                TM_DMA_HalfTransferCompleteHandler
 .text.TM_DMA_TransferErrorHandler
                0x0000000008000316       0x14 src/dma.o
                0x0000000008000316                TM_DMA_TransferErrorHandler
 .text.TM_DMA_DirectModeErrorHandler
                0x000000000800032a       0x14 src/dma.o
                0x000000000800032a                TM_DMA_DirectModeErrorHandler
 .text.TM_DMA_FIFOErrorHandler
                0x000000000800033e       0x14 src/dma.o
                0x000000000800033e                TM_DMA_FIFOErrorHandler
 .text.TM_DMA_INT_ProcessInterrupt
                0x0000000008000352       0x6a src/dma.o
 .text.DMA1_Stream3_IRQHandler
                0x00000000080003bc       0x20 src/dma.o
                0x00000000080003bc                DMA1_Stream3_IRQHandler
 .text.DMA1_Stream4_IRQHandler
                0x00000000080003dc       0x20 src/dma.o
                0x00000000080003dc                DMA1_Stream4_IRQHandler
 .text.DMA2_Stream2_IRQHandler
                0x00000000080003fc       0x20 src/dma.o
                0x00000000080003fc                DMA2_Stream2_IRQHandler
 .text.DMA2_Stream3_IRQHandler
                0x000000000800041c       0x20 src/dma.o
                0x000000000800041c                DMA2_Stream3_IRQHandler
 .text.EXTI_init
                0x000000000800043c       0xb4 src/exti.o
                0x000000000800043c                EXTI_init
 .text.FLASH_init
                0x00000000080004f0       0x1c src/flash.o
                0x00000000080004f0                FLASH_init
 .text.GPIO_getPortSource
                0x000000000800050c       0x22 src/gpio.o
                0x000000000800050c                GPIO_getPortSource
 *fill*         0x000000000800052e        0x2 
 .text.GPIO_enableClock
                0x0000000008000530       0x30 src/gpio.o
                0x0000000008000530                GPIO_enableClock
 .text.GPIO_init
                0x0000000008000560       0xea src/gpio.o
                0x0000000008000560                GPIO_init
 .text.GPIO_initAlternate
                0x000000000800064a       0xa8 src/gpio.o
                0x000000000800064a                GPIO_initAlternate
 .text.GPIO_resetPin
                0x00000000080006f2       0x20 src/gpio.o
                0x00000000080006f2                GPIO_resetPin
 .text.GPIO_togglePin
                0x0000000008000712       0x24 src/gpio.o
                0x0000000008000712                GPIO_togglePin
 *fill*         0x0000000008000736        0x2 
 .text.NVIC_ClearPendingIRQ
                0x0000000008000738       0x34 src/main.o
 .text.main     0x000000000800076c       0x64 src/main.o
                0x000000000800076c                main
 .text.EXTI0_IRQHandler
                0x00000000080007d0       0x48 src/main.o
                0x00000000080007d0                EXTI0_IRQHandler
 .text.SysTick_Handler
                0x0000000008000818       0x68 src/main.o
                0x0000000008000818                SysTick_Handler
 .text.NVIC_EnableIRQ
                0x0000000008000880       0x34 src/nvic.o
 .text.NVIC_ClearPendingIRQ
                0x00000000080008b4       0x34 src/nvic.o
 .text.NVIC_SetPriority
                0x00000000080008e8       0x54 src/nvic.o
 .text.NVIC_init
                0x000000000800093c       0x70 src/nvic.o
                0x000000000800093c                NVIC_init
 .text.RCC_initHsePll
                0x00000000080009ac       0x80 src/rcc.o
                0x00000000080009ac                RCC_initHsePll
 .text.RCC_enableSysConfClock
                0x0000000008000a2c       0x20 src/rcc.o
                0x0000000008000a2c                RCC_enableSysConfClock
 .text.RCC_enableSpiClock
                0x0000000008000a4c       0x2c src/rcc.o
                0x0000000008000a4c                RCC_enableSpiClock
 .text.SPI_init
                0x0000000008000a78       0x4a src/spi.o
                0x0000000008000a78                SPI_init
 *fill*         0x0000000008000ac2        0x2 
 .text.SPI_initPinsPack
                0x0000000008000ac4      0x118 src/spi.o
                0x0000000008000ac4                SPI_initPinsPack
 .text.SPI_DMA_init
                0x0000000008000bdc       0x88 src/spi_dma.o
                0x0000000008000bdc                SPI_DMA_init
 .text.SPI_DMA_transmit8bits
                0x0000000008000c64      0x158 src/spi_dma.o
                0x0000000008000c64                SPI_DMA_transmit8bits
 .text.SPI_DMA_getSettings
                0x0000000008000dbc       0x54 src/spi_dma.o
 .text.STM_EVAL_initAllLeds
                0x0000000008000e10       0x28 src/stmeval_led.o
                0x0000000008000e10                STM_EVAL_initAllLeds
 .text.STM_EVAL_ledToggle
                0x0000000008000e38       0x1e src/stmeval_led.o
                0x0000000008000e38                STM_EVAL_ledToggle
 *fill*         0x0000000008000e56        0x2 
 .text.STM_EVAL_initButton
                0x0000000008000e58       0x40 src/stmeval_led.o
                0x0000000008000e58                STM_EVAL_initButton
 .text.STM_EVAL_initBoard
                0x0000000008000e98       0x74 src/stmeval_led.o
                0x0000000008000e98                STM_EVAL_initBoard
 .text.NVIC_SetPriority
                0x0000000008000f0c       0x54 src/sysinit.o
 .text.SysTick_Config
                0x0000000008000f60       0x44 src/sysinit.o
 .text.SYS_init
                0x0000000008000fa4       0x4c src/sysinit.o
                0x0000000008000fa4                SYS_init
 .text.SystemInit
                0x0000000008000ff0       0x6c src/system_stm32f4xx.o
                0x0000000008000ff0                SystemInit
 .text.SystemCoreClockUpdate
                0x000000000800105c       0xf4 src/system_stm32f4xx.o
                0x000000000800105c                SystemCoreClockUpdate
 .text.TLC5971_init
                0x0000000008001150       0x80 src/tlc5971.o
                0x0000000008001150                TLC5971_init
 .text.TLC5971_set_led
                0x00000000080011d0      0x1e0 src/tlc5971.o
                0x00000000080011d0                TLC5971_set_led
 .text.TLC5971_clr_led_all
                0x00000000080013b0       0x1c src/tlc5971.o
                0x00000000080013b0                TLC5971_clr_led_all
 .text.TLC5971_set_luminosity
                0x00000000080013cc       0x24 src/tlc5971.o
                0x00000000080013cc                TLC5971_set_luminosity
 .text.TLC5971_send_packet
                0x00000000080013f0       0x20 src/tlc5971.o
                0x00000000080013f0                TLC5971_send_packet
 .text.Reset_Handler
                0x0000000008001410       0x50 startup/startup_stm32.o
                0x0000000008001410                Reset_Handler
 .text.Default_Handler
                0x0000000008001460        0x2 startup/startup_stm32.o
                0x0000000008001460                RTC_Alarm_IRQHandler
                0x0000000008001460                HASH_RNG_IRQHandler
                0x0000000008001460                EXTI2_IRQHandler
                0x0000000008001460                TIM8_CC_IRQHandler
                0x0000000008001460                DebugMon_Handler
                0x0000000008001460                TIM1_CC_IRQHandler
                0x0000000008001460                DMA2_Stream5_IRQHandler
                0x0000000008001460                HardFault_Handler
                0x0000000008001460                DMA1_Stream5_IRQHandler
                0x0000000008001460                PVD_IRQHandler
                0x0000000008001460                SDIO_IRQHandler
                0x0000000008001460                TAMP_STAMP_IRQHandler
                0x0000000008001460                PendSV_Handler
                0x0000000008001460                NMI_Handler
                0x0000000008001460                CAN2_RX1_IRQHandler
                0x0000000008001460                EXTI3_IRQHandler
                0x0000000008001460                TIM8_TRG_COM_TIM14_IRQHandler
                0x0000000008001460                TIM1_UP_TIM10_IRQHandler
                0x0000000008001460                TIM8_UP_TIM13_IRQHandler
                0x0000000008001460                I2C3_ER_IRQHandler
                0x0000000008001460                LCD_TFT_IRQHandler
                0x0000000008001460                I2C2_EV_IRQHandler
                0x0000000008001460                DMA1_Stream2_IRQHandler
                0x0000000008001460                CAN1_RX0_IRQHandler
                0x0000000008001460                FPU_IRQHandler
                0x0000000008001460                OTG_HS_WKUP_IRQHandler
                0x0000000008001460                UsageFault_Handler
                0x0000000008001460                CAN2_SCE_IRQHandler
                0x0000000008001460                SPI1_IRQHandler
                0x0000000008001460                TIM6_DAC_IRQHandler
                0x0000000008001460                TIM1_BRK_TIM9_IRQHandler
                0x0000000008001460                DCMI_IRQHandler
                0x0000000008001460                CAN2_RX0_IRQHandler
                0x0000000008001460                USART6_IRQHandler
                0x0000000008001460                USART3_IRQHandler
                0x0000000008001460                CRYP_IRQHandler
                0x0000000008001460                CAN1_RX1_IRQHandler
                0x0000000008001460                UART5_IRQHandler
                0x0000000008001460                DMA2_Stream0_IRQHandler
                0x0000000008001460                TIM4_IRQHandler
                0x0000000008001460                I2C1_EV_IRQHandler
                0x0000000008001460                DMA1_Stream6_IRQHandler
                0x0000000008001460                DMA1_Stream1_IRQHandler
                0x0000000008001460                UART4_IRQHandler
                0x0000000008001460                LCD_TFT_1_IRQHandler
                0x0000000008001460                TIM3_IRQHandler
                0x0000000008001460                RCC_IRQHandler
                0x0000000008001460                TIM8_BRK_TIM12_IRQHandler
                0x0000000008001460                Default_Handler
                0x0000000008001460                EXTI15_10_IRQHandler
                0x0000000008001460                ADC_IRQHandler
                0x0000000008001460                DMA1_Stream7_IRQHandler
                0x0000000008001460                TIM7_IRQHandler
                0x0000000008001460                CAN2_TX_IRQHandler
                0x0000000008001460                TIM5_IRQHandler
                0x0000000008001460                DMA2_Stream7_IRQHandler
                0x0000000008001460                I2C3_EV_IRQHandler
                0x0000000008001460                EXTI9_5_IRQHandler
                0x0000000008001460                RTC_WKUP_IRQHandler
                0x0000000008001460                ETH_WKUP_IRQHandler
                0x0000000008001460                SPI2_IRQHandler
                0x0000000008001460                OTG_HS_EP1_IN_IRQHandler
                0x0000000008001460                MemManage_Handler
                0x0000000008001460                DMA1_Stream0_IRQHandler
                0x0000000008001460                CAN1_TX_IRQHandler
                0x0000000008001460                SVC_Handler
                0x0000000008001460                EXTI4_IRQHandler
                0x0000000008001460                FSMC_IRQHandler
                0x0000000008001460                ETH_IRQHandler
                0x0000000008001460                OTG_HS_EP1_OUT_IRQHandler
                0x0000000008001460                WWDG_IRQHandler
                0x0000000008001460                TIM2_IRQHandler
                0x0000000008001460                OTG_FS_WKUP_IRQHandler
                0x0000000008001460                TIM1_TRG_COM_TIM11_IRQHandler
                0x0000000008001460                OTG_HS_IRQHandler
                0x0000000008001460                EXTI1_IRQHandler
                0x0000000008001460                USART2_IRQHandler
                0x0000000008001460                I2C2_ER_IRQHandler
                0x0000000008001460                DMA2_Stream1_IRQHandler
                0x0000000008001460                CAN1_SCE_IRQHandler
                0x0000000008001460                DMA2_Stream4_IRQHandler
                0x0000000008001460                BusFault_Handler
                0x0000000008001460                USART1_IRQHandler
                0x0000000008001460                OTG_FS_IRQHandler
                0x0000000008001460                SPI3_IRQHandler
                0x0000000008001460                I2C1_ER_IRQHandler
                0x0000000008001460                DMA2_Stream6_IRQHandler
 *fill*         0x0000000008001462        0x2 
 .text.__libc_init_array
                0x0000000008001464       0x48 /home/oem/Ac6/SystemWorkbench/plugins/fr.ac6.mcu.externaltools.arm-none.linux64_1.16.0.201807130628/tools/compiler/bin/../lib/gcc/arm-none-eabi/7.2.1/../../../../arm-none-eabi/lib/thumb/v7e-m/fpv4-sp/hard/libc.a(lib_a-init.o)
                0x0000000008001464                __libc_init_array
 .text.startup.register_fini
                0x00000000080014ac       0x14 /home/oem/Ac6/SystemWorkbench/plugins/fr.ac6.mcu.externaltools.arm-none.linux64_1.16.0.201807130628/tools/compiler/bin/../lib/gcc/arm-none-eabi/7.2.1/../../../../arm-none-eabi/lib/thumb/v7e-m/fpv4-sp/hard/libc.a(lib_a-__call_atexit.o)
 .text.atexit   0x00000000080014c0        0xc /home/oem/Ac6/SystemWorkbench/plugins/fr.ac6.mcu.externaltools.arm-none.linux64_1.16.0.201807130628/tools/compiler/bin/../lib/gcc/arm-none-eabi/7.2.1/../../../../arm-none-eabi/lib/thumb/v7e-m/fpv4-sp/hard/libc.a(lib_a-atexit.o)
                0x00000000080014c0                atexit
 .text.__libc_fini_array
                0x00000000080014cc       0x34 /home/oem/Ac6/SystemWorkbench/plugins/fr.ac6.mcu.externaltools.arm-none.linux64_1.16.0.201807130628/tools/compiler/bin/../lib/gcc/arm-none-eabi/7.2.1/../../../../arm-none-eabi/lib/thumb/v7e-m/fpv4-sp/hard/libc.a(lib_a-fini.o)
                0x00000000080014cc                __libc_fini_array
 .text.__retarget_lock_acquire_recursive
                0x0000000008001500        0x4 /home/oem/Ac6/SystemWorkbench/plugins/fr.ac6.mcu.externaltools.arm-none.linux64_1.16.0.201807130628/tools/compiler/bin/../lib/gcc/arm-none-eabi/7.2.1/../../../../arm-none-eabi/lib/thumb/v7e-m/fpv4-sp/hard/libc.a(lib_a-lock.o)
                0x0000000008001500                __retarget_lock_acquire_recursive
 .text.__retarget_lock_release_recursive
                0x0000000008001504        0x4 /home/oem/Ac6/SystemWorkbench/plugins/fr.ac6.mcu.externaltools.arm-none.linux64_1.16.0.201807130628/tools/compiler/bin/../lib/gcc/arm-none-eabi/7.2.1/../../../../arm-none-eabi/lib/thumb/v7e-m/fpv4-sp/hard/libc.a(lib_a-lock.o)
                0x0000000008001504                __retarget_lock_release_recursive
 .text.__register_exitproc
                0x0000000008001508       0xc0 /home/oem/Ac6/SystemWorkbench/plugins/fr.ac6.mcu.externaltools.arm-none.linux64_1.16.0.201807130628/tools/compiler/bin/../lib/gcc/arm-none-eabi/7.2.1/../../../../arm-none-eabi/lib/thumb/v7e-m/fpv4-sp/hard/libc.a(lib_a-__atexit.o)
                0x0000000008001508                __register_exitproc
 *(.glue_7)
 .glue_7        0x00000000080015c8        0x0 linker stubs
 *(.glue_7t)
 .glue_7t       0x00000000080015c8        0x0 linker stubs
 *(.eh_frame)
 .eh_frame      0x00000000080015c8        0x0 /home/oem/Ac6/SystemWorkbench/plugins/fr.ac6.mcu.externaltools.arm-none.linux64_1.16.0.201807130628/tools/compiler/bin/../lib/gcc/arm-none-eabi/7.2.1/thumb/v7e-m/fpv4-sp/hard/crtbegin.o
 *(.init)
 .init          0x00000000080015c8        0x4 /home/oem/Ac6/SystemWorkbench/plugins/fr.ac6.mcu.externaltools.arm-none.linux64_1.16.0.201807130628/tools/compiler/bin/../lib/gcc/arm-none-eabi/7.2.1/thumb/v7e-m/fpv4-sp/hard/crti.o
                0x00000000080015c8                _init
 .init          0x00000000080015cc        0x8 /home/oem/Ac6/SystemWorkbench/plugins/fr.ac6.mcu.externaltools.arm-none.linux64_1.16.0.201807130628/tools/compiler/bin/../lib/gcc/arm-none-eabi/7.2.1/thumb/v7e-m/fpv4-sp/hard/crtn.o
 *(.fini)
 .fini          0x00000000080015d4        0x4 /home/oem/Ac6/SystemWorkbench/plugins/fr.ac6.mcu.externaltools.arm-none.linux64_1.16.0.201807130628/tools/compiler/bin/../lib/gcc/arm-none-eabi/7.2.1/thumb/v7e-m/fpv4-sp/hard/crti.o
                0x00000000080015d4                _fini
 .fini          0x00000000080015d8        0x8 /home/oem/Ac6/SystemWorkbench/plugins/fr.ac6.mcu.externaltools.arm-none.linux64_1.16.0.201807130628/tools/compiler/bin/../lib/gcc/arm-none-eabi/7.2.1/thumb/v7e-m/fpv4-sp/hard/crtn.o
                0x00000000080015e0                . = ALIGN (0x4)
                0x00000000080015e0                _etext = .

.vfp11_veneer   0x00000000080015e0        0x0
 .vfp11_veneer  0x00000000080015e0        0x0 linker stubs

.v4_bx          0x00000000080015e0        0x0
 .v4_bx         0x00000000080015e0        0x0 linker stubs

.iplt           0x00000000080015e0        0x0
 .iplt          0x00000000080015e0        0x0 /home/oem/Ac6/SystemWorkbench/plugins/fr.ac6.mcu.externaltools.arm-none.linux64_1.16.0.201807130628/tools/compiler/bin/../lib/gcc/arm-none-eabi/7.2.1/thumb/v7e-m/fpv4-sp/hard/crtbegin.o

.rodata         0x00000000080015e0       0x20
                0x00000000080015e0                . = ALIGN (0x4)
 *(.rodata)
 .rodata        0x00000000080015e0        0x4 src/dma.o
 .rodata        0x00000000080015e4       0x18 src/system_stm32f4xx.o
                0x00000000080015e4                AHBPrescTable
                0x00000000080015f4                APBPrescTable
 *(.rodata*)
 .rodata._global_impure_ptr
                0x00000000080015fc        0x4 /home/oem/Ac6/SystemWorkbench/plugins/fr.ac6.mcu.externaltools.arm-none.linux64_1.16.0.201807130628/tools/compiler/bin/../lib/gcc/arm-none-eabi/7.2.1/../../../../arm-none-eabi/lib/thumb/v7e-m/fpv4-sp/hard/libc.a(lib_a-impure.o)
                0x00000000080015fc                _global_impure_ptr
                0x0000000008001600                . = ALIGN (0x4)

.rel.dyn        0x0000000008001600        0x0
 .rel.iplt      0x0000000008001600        0x0 /home/oem/Ac6/SystemWorkbench/plugins/fr.ac6.mcu.externaltools.arm-none.linux64_1.16.0.201807130628/tools/compiler/bin/../lib/gcc/arm-none-eabi/7.2.1/thumb/v7e-m/fpv4-sp/hard/crtbegin.o

.ARM.extab      0x0000000008001600        0x0
                0x0000000008001600                . = ALIGN (0x4)
 *(.ARM.extab* .gnu.linkonce.armextab.*)
                0x0000000008001600                . = ALIGN (0x4)

.ARM            0x0000000008001600        0x0
                0x0000000008001600                . = ALIGN (0x4)
                0x0000000008001600                __exidx_start = .
 *(.ARM.exidx*)
                0x0000000008001600                __exidx_end = .
                0x0000000008001600                . = ALIGN (0x4)

.preinit_array  0x0000000008001600        0x0
                0x0000000008001600                . = ALIGN (0x4)
                0x0000000008001600                PROVIDE (__preinit_array_start, .)
 *(.preinit_array*)
                0x0000000008001600                PROVIDE (__preinit_array_end, .)
                0x0000000008001600                . = ALIGN (0x4)

.init_array     0x0000000008001600        0x8
                0x0000000008001600                . = ALIGN (0x4)
                0x0000000008001600                PROVIDE (__init_array_start, .)
 *(SORT_BY_NAME(.init_array.*))
 .init_array.00000
                0x0000000008001600        0x4 /home/oem/Ac6/SystemWorkbench/plugins/fr.ac6.mcu.externaltools.arm-none.linux64_1.16.0.201807130628/tools/compiler/bin/../lib/gcc/arm-none-eabi/7.2.1/../../../../arm-none-eabi/lib/thumb/v7e-m/fpv4-sp/hard/libc.a(lib_a-__call_atexit.o)
 *(.init_array*)
 .init_array    0x0000000008001604        0x4 /home/oem/Ac6/SystemWorkbench/plugins/fr.ac6.mcu.externaltools.arm-none.linux64_1.16.0.201807130628/tools/compiler/bin/../lib/gcc/arm-none-eabi/7.2.1/thumb/v7e-m/fpv4-sp/hard/crtbegin.o
                0x0000000008001608                PROVIDE (__init_array_end, .)
                0x0000000008001608                . = ALIGN (0x4)

.fini_array     0x0000000008001608        0x4
                0x0000000008001608                . = ALIGN (0x4)
                0x0000000008001608                PROVIDE (__fini_array_start, .)
 *(SORT_BY_NAME(.fini_array.*))
 *(.fini_array*)
 .fini_array    0x0000000008001608        0x4 /home/oem/Ac6/SystemWorkbench/plugins/fr.ac6.mcu.externaltools.arm-none.linux64_1.16.0.201807130628/tools/compiler/bin/../lib/gcc/arm-none-eabi/7.2.1/thumb/v7e-m/fpv4-sp/hard/crtbegin.o
                0x000000000800160c                PROVIDE (__fini_array_end, .)
                0x000000000800160c                . = ALIGN (0x4)
                0x000000000800160c                _sidata = LOADADDR (.data)

.data           0x0000000020000000      0x46c load address 0x000000000800160c
                0x0000000020000000                . = ALIGN (0x4)
                0x0000000020000000                _sdata = .
 *(.data)
 .data          0x0000000020000000        0xc src/main.o
 .data          0x000000002000000c       0x30 src/spi_dma.o
 .data          0x000000002000003c        0x4 src/system_stm32f4xx.o
                0x000000002000003c                SystemCoreClock
 *(.data*)
 .data.impure_data
                0x0000000020000040      0x428 /home/oem/Ac6/SystemWorkbench/plugins/fr.ac6.mcu.externaltools.arm-none.linux64_1.16.0.201807130628/tools/compiler/bin/../lib/gcc/arm-none-eabi/7.2.1/../../../../arm-none-eabi/lib/thumb/v7e-m/fpv4-sp/hard/libc.a(lib_a-impure.o)
 .data.__atexit_recursive_mutex
                0x0000000020000468        0x4 /home/oem/Ac6/SystemWorkbench/plugins/fr.ac6.mcu.externaltools.arm-none.linux64_1.16.0.201807130628/tools/compiler/bin/../lib/gcc/arm-none-eabi/7.2.1/../../../../arm-none-eabi/lib/thumb/v7e-m/fpv4-sp/hard/libc.a(lib_a-__call_atexit.o)
                0x0000000020000468                __atexit_recursive_mutex
                0x000000002000046c                . = ALIGN (0x4)
                0x000000002000046c                _edata = .

.igot.plt       0x000000002000046c        0x0 load address 0x0000000008001a78
 .igot.plt      0x000000002000046c        0x0 /home/oem/Ac6/SystemWorkbench/plugins/fr.ac6.mcu.externaltools.arm-none.linux64_1.16.0.201807130628/tools/compiler/bin/../lib/gcc/arm-none-eabi/7.2.1/thumb/v7e-m/fpv4-sp/hard/crtbegin.o
                0x000000002000046c                . = ALIGN (0x4)

.bss            0x000000002000046c       0x9c load address 0x0000000008001a78
                0x000000002000046c                _sbss = .
                0x000000002000046c                __bss_start__ = _sbss
 *(.bss)
 .bss           0x000000002000046c       0x1c /home/oem/Ac6/SystemWorkbench/plugins/fr.ac6.mcu.externaltools.arm-none.linux64_1.16.0.201807130628/tools/compiler/bin/../lib/gcc/arm-none-eabi/7.2.1/thumb/v7e-m/fpv4-sp/hard/crtbegin.o
 .bss           0x0000000020000488       0x58 src/tlc5971.o
 *(.bss*)
 *(COMMON)
 COMMON         0x00000000200004e0        0x2 src/main.o
                0x00000000200004e0                SysTick_time1_flag
                0x00000000200004e1                SysTick_time2_flag
 *fill*         0x00000000200004e2        0x2 
 COMMON         0x00000000200004e4       0x21 /home/oem/Ac6/SystemWorkbench/plugins/fr.ac6.mcu.externaltools.arm-none.linux64_1.16.0.201807130628/tools/compiler/bin/../lib/gcc/arm-none-eabi/7.2.1/../../../../arm-none-eabi/lib/thumb/v7e-m/fpv4-sp/hard/libc.a(lib_a-lock.o)
                0x00000000200004e4                __lock___atexit_recursive_mutex
                0x00000000200004e8                __lock___arc4random_mutex
                0x00000000200004ec                __lock___env_recursive_mutex
                0x00000000200004f0                __lock___sinit_recursive_mutex
                0x00000000200004f4                __lock___malloc_recursive_mutex
                0x00000000200004f8                __lock___at_quick_exit_mutex
                0x00000000200004fc                __lock___dd_hash_mutex
                0x0000000020000500                __lock___tz_mutex
                0x0000000020000504                __lock___sfp_recursive_mutex
                0x0000000020000508                . = ALIGN (0x4)
 *fill*         0x0000000020000505        0x3 
                0x0000000020000508                _ebss = .
                0x0000000020000508                __bss_end__ = _ebss

._user_heap_stack
                0x0000000020000508      0x400 load address 0x0000000008001a78
                0x0000000020000508                . = ALIGN (0x8)
                0x0000000020000508                PROVIDE (end, .)
                [!provide]                        PROVIDE (_end, .)
                0x0000000020000508                . = (. + _Min_Heap_Size)
                0x0000000020000908                . = (. + _Min_Stack_Size)
 *fill*         0x0000000020000508      0x400 
                0x0000000020000908                . = ALIGN (0x8)

/DISCARD/
 libc.a(*)
 libm.a(*)
 libgcc.a(*)

.ARM.attributes
                0x0000000000000000       0x30
 *(.ARM.attributes)
 .ARM.attributes
                0x0000000000000000       0x22 /home/oem/Ac6/SystemWorkbench/plugins/fr.ac6.mcu.externaltools.arm-none.linux64_1.16.0.201807130628/tools/compiler/bin/../lib/gcc/arm-none-eabi/7.2.1/thumb/v7e-m/fpv4-sp/hard/crti.o
 .ARM.attributes
                0x0000000000000022       0x34 /home/oem/Ac6/SystemWorkbench/plugins/fr.ac6.mcu.externaltools.arm-none.linux64_1.16.0.201807130628/tools/compiler/bin/../lib/gcc/arm-none-eabi/7.2.1/thumb/v7e-m/fpv4-sp/hard/crtbegin.o
 .ARM.attributes
                0x0000000000000056       0x39 src/dma.o
 .ARM.attributes
                0x000000000000008f       0x39 src/exti.o
 .ARM.attributes
                0x00000000000000c8       0x39 src/flash.o
 .ARM.attributes
                0x0000000000000101       0x39 src/gpio.o
 .ARM.attributes
                0x000000000000013a       0x39 src/main.o
 .ARM.attributes
                0x0000000000000173       0x39 src/nvic.o
 .ARM.attributes
                0x00000000000001ac       0x39 src/rcc.o
 .ARM.attributes
                0x00000000000001e5       0x39 src/spi.o
 .ARM.attributes
                0x000000000000021e       0x39 src/spi_dma.o
 .ARM.attributes
                0x0000000000000257       0x39 src/stmeval_led.o
 .ARM.attributes
                0x0000000000000290       0x39 src/sysinit.o
 .ARM.attributes
                0x00000000000002c9       0x39 src/system_stm32f4xx.o
 .ARM.attributes
                0x0000000000000302       0x39 src/tlc5971.o
 .ARM.attributes
                0x000000000000033b       0x21 startup/startup_stm32.o
 .ARM.attributes
                0x000000000000035c       0x34 /home/oem/Ac6/SystemWorkbench/plugins/fr.ac6.mcu.externaltools.arm-none.linux64_1.16.0.201807130628/tools/compiler/bin/../lib/gcc/arm-none-eabi/7.2.1/../../../../arm-none-eabi/lib/thumb/v7e-m/fpv4-sp/hard/libc.a(lib_a-impure.o)
 .ARM.attributes
                0x0000000000000390       0x34 /home/oem/Ac6/SystemWorkbench/plugins/fr.ac6.mcu.externaltools.arm-none.linux64_1.16.0.201807130628/tools/compiler/bin/../lib/gcc/arm-none-eabi/7.2.1/../../../../arm-none-eabi/lib/thumb/v7e-m/fpv4-sp/hard/libc.a(lib_a-init.o)
 .ARM.attributes
                0x00000000000003c4       0x34 /home/oem/Ac6/SystemWorkbench/plugins/fr.ac6.mcu.externaltools.arm-none.linux64_1.16.0.201807130628/tools/compiler/bin/../lib/gcc/arm-none-eabi/7.2.1/../../../../arm-none-eabi/lib/thumb/v7e-m/fpv4-sp/hard/libc.a(lib_a-__call_atexit.o)
 .ARM.attributes
                0x00000000000003f8       0x34 /home/oem/Ac6/SystemWorkbench/plugins/fr.ac6.mcu.externaltools.arm-none.linux64_1.16.0.201807130628/tools/compiler/bin/../lib/gcc/arm-none-eabi/7.2.1/../../../../arm-none-eabi/lib/thumb/v7e-m/fpv4-sp/hard/libc.a(lib_a-atexit.o)
 .ARM.attributes
                0x000000000000042c       0x34 /home/oem/Ac6/SystemWorkbench/plugins/fr.ac6.mcu.externaltools.arm-none.linux64_1.16.0.201807130628/tools/compiler/bin/../lib/gcc/arm-none-eabi/7.2.1/../../../../arm-none-eabi/lib/thumb/v7e-m/fpv4-sp/hard/libc.a(lib_a-fini.o)
 .ARM.attributes
                0x0000000000000460       0x34 /home/oem/Ac6/SystemWorkbench/plugins/fr.ac6.mcu.externaltools.arm-none.linux64_1.16.0.201807130628/tools/compiler/bin/../lib/gcc/arm-none-eabi/7.2.1/../../../../arm-none-eabi/lib/thumb/v7e-m/fpv4-sp/hard/libc.a(lib_a-lock.o)
 .ARM.attributes
                0x0000000000000494       0x34 /home/oem/Ac6/SystemWorkbench/plugins/fr.ac6.mcu.externaltools.arm-none.linux64_1.16.0.201807130628/tools/compiler/bin/../lib/gcc/arm-none-eabi/7.2.1/../../../../arm-none-eabi/lib/thumb/v7e-m/fpv4-sp/hard/libc.a(lib_a-__atexit.o)
 .ARM.attributes
                0x00000000000004c8       0x22 /home/oem/Ac6/SystemWorkbench/plugins/fr.ac6.mcu.externaltools.arm-none.linux64_1.16.0.201807130628/tools/compiler/bin/../lib/gcc/arm-none-eabi/7.2.1/thumb/v7e-m/fpv4-sp/hard/crtn.o
OUTPUT(LED_Keyboard.elf elf32-littlearm)

.debug_info     0x0000000000000000     0x6c3b
 .debug_info    0x0000000000000000      0x72a src/dma.o
 .debug_info    0x000000000000072a      0x1fb src/exti.o
 .debug_info    0x0000000000000925      0x198 src/flash.o
 .debug_info    0x0000000000000abd      0x6d2 src/gpio.o
 .debug_info    0x000000000000118f      0xf9a src/main.o
 .debug_info    0x0000000000002129      0x6e4 src/nvic.o
 .debug_info    0x000000000000280d      0x318 src/rcc.o
 .debug_info    0x0000000000002b25      0x498 src/spi.o
 .debug_info    0x0000000000002fbd      0xe0a src/spi_dma.o
 .debug_info    0x0000000000003dc7      0xd25 src/stmeval_led.o
 .debug_info    0x0000000000004aec      0xf79 src/sysinit.o
 .debug_info    0x0000000000005a65      0x4fb src/system_stm32f4xx.o
 .debug_info    0x0000000000005f60      0xcb9 src/tlc5971.o
 .debug_info    0x0000000000006c19       0x22 startup/startup_stm32.o

.debug_abbrev   0x0000000000000000     0x1635
 .debug_abbrev  0x0000000000000000      0x1bb src/dma.o
 .debug_abbrev  0x00000000000001bb      0x10d src/exti.o
 .debug_abbrev  0x00000000000002c8       0xcc src/flash.o
 .debug_abbrev  0x0000000000000394      0x15f src/gpio.o
 .debug_abbrev  0x00000000000004f3      0x2d7 src/main.o
 .debug_abbrev  0x00000000000007ca      0x182 src/nvic.o
 .debug_abbrev  0x000000000000094c       0xe4 src/rcc.o
 .debug_abbrev  0x0000000000000a30      0x141 src/spi.o
 .debug_abbrev  0x0000000000000b71      0x253 src/spi_dma.o
 .debug_abbrev  0x0000000000000dc4      0x237 src/stmeval_led.o
 .debug_abbrev  0x0000000000000ffb      0x26b src/sysinit.o
 .debug_abbrev  0x0000000000001266      0x111 src/system_stm32f4xx.o
 .debug_abbrev  0x0000000000001377      0x2ac src/tlc5971.o
 .debug_abbrev  0x0000000000001623       0x12 startup/startup_stm32.o

.debug_aranges  0x0000000000000000      0x388
 .debug_aranges
                0x0000000000000000       0x88 src/dma.o
 .debug_aranges
                0x0000000000000088       0x28 src/exti.o
 .debug_aranges
                0x00000000000000b0       0x20 src/flash.o
 .debug_aranges
                0x00000000000000d0       0x60 src/gpio.o
 .debug_aranges
                0x0000000000000130       0x40 src/main.o
 .debug_aranges
                0x0000000000000170       0x40 src/nvic.o
 .debug_aranges
                0x00000000000001b0       0x40 src/rcc.o
 .debug_aranges
                0x00000000000001f0       0x38 src/spi.o
 .debug_aranges
                0x0000000000000228       0x40 src/spi_dma.o
 .debug_aranges
                0x0000000000000268       0x50 src/stmeval_led.o
 .debug_aranges
                0x00000000000002b8       0x30 src/sysinit.o
 .debug_aranges
                0x00000000000002e8       0x28 src/system_stm32f4xx.o
 .debug_aranges
                0x0000000000000310       0x50 src/tlc5971.o
 .debug_aranges
                0x0000000000000360       0x28 startup/startup_stm32.o

.debug_ranges   0x0000000000000000      0x2b0
 .debug_ranges  0x0000000000000000       0x78 src/dma.o
 .debug_ranges  0x0000000000000078       0x18 src/exti.o
 .debug_ranges  0x0000000000000090       0x10 src/flash.o
 .debug_ranges  0x00000000000000a0       0x50 src/gpio.o
 .debug_ranges  0x00000000000000f0       0x30 src/main.o
 .debug_ranges  0x0000000000000120       0x30 src/nvic.o
 .debug_ranges  0x0000000000000150       0x30 src/rcc.o
 .debug_ranges  0x0000000000000180       0x28 src/spi.o
 .debug_ranges  0x00000000000001a8       0x30 src/spi_dma.o
 .debug_ranges  0x00000000000001d8       0x40 src/stmeval_led.o
 .debug_ranges  0x0000000000000218       0x20 src/sysinit.o
 .debug_ranges  0x0000000000000238       0x18 src/system_stm32f4xx.o
 .debug_ranges  0x0000000000000250       0x40 src/tlc5971.o
 .debug_ranges  0x0000000000000290       0x20 startup/startup_stm32.o

.debug_macro    0x0000000000000000    0x198b9
 .debug_macro   0x0000000000000000       0xe5 src/dma.o
 .debug_macro   0x00000000000000e5      0xa66 src/dma.o
 .debug_macro   0x0000000000000b4b       0x2c src/dma.o
 .debug_macro   0x0000000000000b77       0x2f src/dma.o
 .debug_macro   0x0000000000000ba6       0x22 src/dma.o
 .debug_macro   0x0000000000000bc8       0x87 src/dma.o
 .debug_macro   0x0000000000000c4f       0x51 src/dma.o
 .debug_macro   0x0000000000000ca0       0xef src/dma.o
 .debug_macro   0x0000000000000d8f       0x6a src/dma.o
 .debug_macro   0x0000000000000df9      0x1df src/dma.o
 .debug_macro   0x0000000000000fd8       0x35 src/dma.o
 .debug_macro   0x000000000000100d       0x50 src/dma.o
 .debug_macro   0x000000000000105d      0xe66 src/dma.o
 .debug_macro   0x0000000000001ec3    0x15d08 src/dma.o
 .debug_macro   0x0000000000017bcb       0x43 src/dma.o
 .debug_macro   0x0000000000017c0e       0x64 src/dma.o
 .debug_macro   0x0000000000017c72       0xd4 src/exti.o
 .debug_macro   0x0000000000017d46       0xd4 src/flash.o
 .debug_macro   0x0000000000017e1a       0xd9 src/gpio.o
 .debug_macro   0x0000000000017ef3       0x6a src/gpio.o
 .debug_macro   0x0000000000017f5d      0x1f6 src/main.o
 .debug_macro   0x0000000000018153       0x58 src/main.o
 .debug_macro   0x00000000000181ab       0x17 src/main.o
 .debug_macro   0x00000000000181c2       0x35 src/main.o
 .debug_macro   0x00000000000181f7       0x9c src/main.o
 .debug_macro   0x0000000000018293      0x174 src/main.o
 .debug_macro   0x0000000000018407       0x58 src/main.o
 .debug_macro   0x000000000001845f       0x1f src/main.o
 .debug_macro   0x000000000001847e       0x43 src/main.o
 .debug_macro   0x00000000000184c1       0x20 src/main.o
 .debug_macro   0x00000000000184e1      0x18e src/main.o
 .debug_macro   0x000000000001866f      0x330 src/main.o
 .debug_macro   0x000000000001899f      0x1e1 src/main.o
 .debug_macro   0x0000000000018b80       0x70 src/main.o
 .debug_macro   0x0000000000018bf0       0x2e src/main.o
 .debug_macro   0x0000000000018c1e       0x6a src/main.o
 .debug_macro   0x0000000000018c88       0x6a src/main.o
 .debug_macro   0x0000000000018cf2       0x3a src/main.o
 .debug_macro   0x0000000000018d2c       0x4c src/main.o
 .debug_macro   0x0000000000018d78       0x10 src/main.o
 .debug_macro   0x0000000000018d88       0xd4 src/nvic.o
 .debug_macro   0x0000000000018e5c       0xd9 src/rcc.o
 .debug_macro   0x0000000000018f35       0x64 src/rcc.o
 .debug_macro   0x0000000000018f99       0xe2 src/spi.o
 .debug_macro   0x000000000001907b       0x28 src/spi.o
 .debug_macro   0x00000000000190a3      0x1b1 src/spi_dma.o
 .debug_macro   0x0000000000019254      0x1d3 src/stmeval_led.o
 .debug_macro   0x0000000000019427      0x1f6 src/sysinit.o
 .debug_macro   0x000000000001961d       0xdc src/system_stm32f4xx.o
 .debug_macro   0x00000000000196f9      0x1c0 src/tlc5971.o

.debug_line     0x0000000000000000     0x3e33
 .debug_line    0x0000000000000000      0x515 src/dma.o
 .debug_line    0x0000000000000515      0x416 src/exti.o
 .debug_line    0x000000000000092b      0x3f8 src/flash.o
 .debug_line    0x0000000000000d23      0x4c8 src/gpio.o
 .debug_line    0x00000000000011eb      0x561 src/main.o
 .debug_line    0x000000000000174c      0x460 src/nvic.o
 .debug_line    0x0000000000001bac      0x45f src/rcc.o
 .debug_line    0x000000000000200b      0x49e src/spi.o
 .debug_line    0x00000000000024a9      0x537 src/spi_dma.o
 .debug_line    0x00000000000029e0      0x546 src/stmeval_led.o
 .debug_line    0x0000000000002f26      0x527 src/sysinit.o
 .debug_line    0x000000000000344d      0x401 src/system_stm32f4xx.o
 .debug_line    0x000000000000384e      0x569 src/tlc5971.o
 .debug_line    0x0000000000003db7       0x7c startup/startup_stm32.o

.debug_str      0x0000000000000000    0x89920
 .debug_str     0x0000000000000000    0x84c05 src/dma.o
                                      0x84dc8 (size before relaxing)
 .debug_str     0x0000000000084c05       0xc0 src/exti.o
                                      0x84447 (size before relaxing)
 .debug_str     0x0000000000084cc5       0x47 src/flash.o
                                      0x843ca (size before relaxing)
 .debug_str     0x0000000000084d0c      0x5a6 src/gpio.o
                                      0x8496f (size before relaxing)
 .debug_str     0x00000000000852b2     0x3fb1 src/main.o
                                      0x88eb7 (size before relaxing)
 .debug_str     0x0000000000089263       0xbc src/nvic.o
                                      0x849b8 (size before relaxing)
 .debug_str     0x000000000008931f       0x6d src/rcc.o
                                      0x848e9 (size before relaxing)
 .debug_str     0x000000000008938c      0x108 src/spi.o
                                      0x84931 (size before relaxing)
 .debug_str     0x0000000000089494       0xff src/spi_dma.o
                                      0x887e5 (size before relaxing)
 .debug_str     0x0000000000089593       0xc0 src/stmeval_led.o
                                      0x88a40 (size before relaxing)
 .debug_str     0x0000000000089653       0x4c src/sysinit.o
                                      0x88e66 (size before relaxing)
 .debug_str     0x000000000008969f       0xa8 src/system_stm32f4xx.o
                                      0x84576 (size before relaxing)
 .debug_str     0x0000000000089747      0x1af src/tlc5971.o
                                      0x88881 (size before relaxing)
 .debug_str     0x00000000000898f6       0x2a startup/startup_stm32.o
                                         0x51 (size before relaxing)

.comment        0x0000000000000000       0x7e
 .comment       0x0000000000000000       0x7e src/dma.o
                                         0x7f (size before relaxing)
 .comment       0x000000000000007e       0x7f src/exti.o
 .comment       0x000000000000007e       0x7f src/flash.o
 .comment       0x000000000000007e       0x7f src/gpio.o
 .comment       0x000000000000007e       0x7f src/main.o
 .comment       0x000000000000007e       0x7f src/nvic.o
 .comment       0x000000000000007e       0x7f src/rcc.o
 .comment       0x000000000000007e       0x7f src/spi.o
 .comment       0x000000000000007e       0x7f src/spi_dma.o
 .comment       0x000000000000007e       0x7f src/stmeval_led.o
 .comment       0x000000000000007e       0x7f src/sysinit.o
 .comment       0x000000000000007e       0x7f src/system_stm32f4xx.o
 .comment       0x000000000000007e       0x7f src/tlc5971.o

.debug_frame    0x0000000000000000      0xc44
 .debug_frame   0x0000000000000000      0x208 src/dma.o
 .debug_frame   0x0000000000000208       0x58 src/exti.o
 .debug_frame   0x0000000000000260       0x30 src/flash.o
 .debug_frame   0x0000000000000290      0x16c src/gpio.o
 .debug_frame   0x00000000000003fc       0xb4 src/main.o
 .debug_frame   0x00000000000004b0       0xc4 src/nvic.o
 .debug_frame   0x0000000000000574       0xac src/rcc.o
 .debug_frame   0x0000000000000620       0xac src/spi.o
 .debug_frame   0x00000000000006cc       0xc8 src/spi_dma.o
 .debug_frame   0x0000000000000794      0x10c src/stmeval_led.o
 .debug_frame   0x00000000000008a0       0x78 src/sysinit.o
 .debug_frame   0x0000000000000918       0x58 src/system_stm32f4xx.o
 .debug_frame   0x0000000000000970      0x114 src/tlc5971.o
 .debug_frame   0x0000000000000a84       0x2c /home/oem/Ac6/SystemWorkbench/plugins/fr.ac6.mcu.externaltools.arm-none.linux64_1.16.0.201807130628/tools/compiler/bin/../lib/gcc/arm-none-eabi/7.2.1/../../../../arm-none-eabi/lib/thumb/v7e-m/fpv4-sp/hard/libc.a(lib_a-init.o)
 .debug_frame   0x0000000000000ab0       0x5c /home/oem/Ac6/SystemWorkbench/plugins/fr.ac6.mcu.externaltools.arm-none.linux64_1.16.0.201807130628/tools/compiler/bin/../lib/gcc/arm-none-eabi/7.2.1/../../../../arm-none-eabi/lib/thumb/v7e-m/fpv4-sp/hard/libc.a(lib_a-__call_atexit.o)
 .debug_frame   0x0000000000000b0c       0x20 /home/oem/Ac6/SystemWorkbench/plugins/fr.ac6.mcu.externaltools.arm-none.linux64_1.16.0.201807130628/tools/compiler/bin/../lib/gcc/arm-none-eabi/7.2.1/../../../../arm-none-eabi/lib/thumb/v7e-m/fpv4-sp/hard/libc.a(lib_a-atexit.o)
 .debug_frame   0x0000000000000b2c       0x34 /home/oem/Ac6/SystemWorkbench/plugins/fr.ac6.mcu.externaltools.arm-none.linux64_1.16.0.201807130628/tools/compiler/bin/../lib/gcc/arm-none-eabi/7.2.1/../../../../arm-none-eabi/lib/thumb/v7e-m/fpv4-sp/hard/libc.a(lib_a-fini.o)
 .debug_frame   0x0000000000000b60       0xb0 /home/oem/Ac6/SystemWorkbench/plugins/fr.ac6.mcu.externaltools.arm-none.linux64_1.16.0.201807130628/tools/compiler/bin/../lib/gcc/arm-none-eabi/7.2.1/../../../../arm-none-eabi/lib/thumb/v7e-m/fpv4-sp/hard/libc.a(lib_a-lock.o)
 .debug_frame   0x0000000000000c10       0x34 /home/oem/Ac6/SystemWorkbench/plugins/fr.ac6.mcu.externaltools.arm-none.linux64_1.16.0.201807130628/tools/compiler/bin/../lib/gcc/arm-none-eabi/7.2.1/../../../../arm-none-eabi/lib/thumb/v7e-m/fpv4-sp/hard/libc.a(lib_a-__atexit.o)
