Archive member included to satisfy reference by file (symbol)

c:/ac6/systemworkbench/plugins/fr.ac6.mcu.externaltools.arm-none.win32_1.16.0.201807130628/tools/compiler/bin/../lib/gcc/arm-none-eabi/7.2.1/../../../../arm-none-eabi/lib/thumb/v7e-m/fpv4-sp/hard\libc.a(lib_a-errno.o)
                              src/syscalls.o (__errno)
c:/ac6/systemworkbench/plugins/fr.ac6.mcu.externaltools.arm-none.win32_1.16.0.201807130628/tools/compiler/bin/../lib/gcc/arm-none-eabi/7.2.1/../../../../arm-none-eabi/lib/thumb/v7e-m/fpv4-sp/hard\libc.a(lib_a-exit.o)
                              c:/ac6/systemworkbench/plugins/fr.ac6.mcu.externaltools.arm-none.win32_1.16.0.201807130628/tools/compiler/bin/../lib/gcc/arm-none-eabi/7.2.1/../../../../arm-none-eabi/lib/thumb/v7e-m/fpv4-sp/hard/crt0.o (exit)
c:/ac6/systemworkbench/plugins/fr.ac6.mcu.externaltools.arm-none.win32_1.16.0.201807130628/tools/compiler/bin/../lib/gcc/arm-none-eabi/7.2.1/../../../../arm-none-eabi/lib/thumb/v7e-m/fpv4-sp/hard\libc.a(lib_a-impure.o)
                              c:/ac6/systemworkbench/plugins/fr.ac6.mcu.externaltools.arm-none.win32_1.16.0.201807130628/tools/compiler/bin/../lib/gcc/arm-none-eabi/7.2.1/../../../../arm-none-eabi/lib/thumb/v7e-m/fpv4-sp/hard\libc.a(lib_a-exit.o) (_global_impure_ptr)
c:/ac6/systemworkbench/plugins/fr.ac6.mcu.externaltools.arm-none.win32_1.16.0.201807130628/tools/compiler/bin/../lib/gcc/arm-none-eabi/7.2.1/../../../../arm-none-eabi/lib/thumb/v7e-m/fpv4-sp/hard\libc.a(lib_a-init.o)
                              c:/ac6/systemworkbench/plugins/fr.ac6.mcu.externaltools.arm-none.win32_1.16.0.201807130628/tools/compiler/bin/../lib/gcc/arm-none-eabi/7.2.1/../../../../arm-none-eabi/lib/thumb/v7e-m/fpv4-sp/hard/crt0.o (__libc_init_array)
c:/ac6/systemworkbench/plugins/fr.ac6.mcu.externaltools.arm-none.win32_1.16.0.201807130628/tools/compiler/bin/../lib/gcc/arm-none-eabi/7.2.1/../../../../arm-none-eabi/lib/thumb/v7e-m/fpv4-sp/hard\libc.a(lib_a-memset.o)
                              c:/ac6/systemworkbench/plugins/fr.ac6.mcu.externaltools.arm-none.win32_1.16.0.201807130628/tools/compiler/bin/../lib/gcc/arm-none-eabi/7.2.1/../../../../arm-none-eabi/lib/thumb/v7e-m/fpv4-sp/hard/crt0.o (memset)
c:/ac6/systemworkbench/plugins/fr.ac6.mcu.externaltools.arm-none.win32_1.16.0.201807130628/tools/compiler/bin/../lib/gcc/arm-none-eabi/7.2.1/../../../../arm-none-eabi/lib/thumb/v7e-m/fpv4-sp/hard\libc.a(lib_a-qsort.o)
                              src/adc.o (qsort)
c:/ac6/systemworkbench/plugins/fr.ac6.mcu.externaltools.arm-none.win32_1.16.0.201807130628/tools/compiler/bin/../lib/gcc/arm-none-eabi/7.2.1/../../../../arm-none-eabi/lib/thumb/v7e-m/fpv4-sp/hard\libc.a(lib_a-__call_atexit.o)
                              c:/ac6/systemworkbench/plugins/fr.ac6.mcu.externaltools.arm-none.win32_1.16.0.201807130628/tools/compiler/bin/../lib/gcc/arm-none-eabi/7.2.1/../../../../arm-none-eabi/lib/thumb/v7e-m/fpv4-sp/hard\libc.a(lib_a-exit.o) (__call_exitprocs)
c:/ac6/systemworkbench/plugins/fr.ac6.mcu.externaltools.arm-none.win32_1.16.0.201807130628/tools/compiler/bin/../lib/gcc/arm-none-eabi/7.2.1/../../../../arm-none-eabi/lib/thumb/v7e-m/fpv4-sp/hard\libc.a(lib_a-atexit.o)
                              c:/ac6/systemworkbench/plugins/fr.ac6.mcu.externaltools.arm-none.win32_1.16.0.201807130628/tools/compiler/bin/../lib/gcc/arm-none-eabi/7.2.1/../../../../arm-none-eabi/lib/thumb/v7e-m/fpv4-sp/hard\libc.a(lib_a-__call_atexit.o) (atexit)
c:/ac6/systemworkbench/plugins/fr.ac6.mcu.externaltools.arm-none.win32_1.16.0.201807130628/tools/compiler/bin/../lib/gcc/arm-none-eabi/7.2.1/../../../../arm-none-eabi/lib/thumb/v7e-m/fpv4-sp/hard\libc.a(lib_a-fini.o)
                              c:/ac6/systemworkbench/plugins/fr.ac6.mcu.externaltools.arm-none.win32_1.16.0.201807130628/tools/compiler/bin/../lib/gcc/arm-none-eabi/7.2.1/../../../../arm-none-eabi/lib/thumb/v7e-m/fpv4-sp/hard\libc.a(lib_a-__call_atexit.o) (__libc_fini_array)
c:/ac6/systemworkbench/plugins/fr.ac6.mcu.externaltools.arm-none.win32_1.16.0.201807130628/tools/compiler/bin/../lib/gcc/arm-none-eabi/7.2.1/../../../../arm-none-eabi/lib/thumb/v7e-m/fpv4-sp/hard\libc.a(lib_a-lock.o)
                              c:/ac6/systemworkbench/plugins/fr.ac6.mcu.externaltools.arm-none.win32_1.16.0.201807130628/tools/compiler/bin/../lib/gcc/arm-none-eabi/7.2.1/../../../../arm-none-eabi/lib/thumb/v7e-m/fpv4-sp/hard\libc.a(lib_a-__call_atexit.o) (__retarget_lock_acquire_recursive)
c:/ac6/systemworkbench/plugins/fr.ac6.mcu.externaltools.arm-none.win32_1.16.0.201807130628/tools/compiler/bin/../lib/gcc/arm-none-eabi/7.2.1/../../../../arm-none-eabi/lib/thumb/v7e-m/fpv4-sp/hard\libc.a(lib_a-__atexit.o)
                              c:/ac6/systemworkbench/plugins/fr.ac6.mcu.externaltools.arm-none.win32_1.16.0.201807130628/tools/compiler/bin/../lib/gcc/arm-none-eabi/7.2.1/../../../../arm-none-eabi/lib/thumb/v7e-m/fpv4-sp/hard\libc.a(lib_a-atexit.o) (__register_exitproc)

Allocating common symbols
[...]
Memory Configuration

Name             Origin             Length             Attributes
RAM              0x20000000         0x00020000         xrw
ROM              0x08000000         0x00100000         xr
*default*        0x00000000         0xffffffff

Linker script and memory map

LOAD c:/ac6/systemworkbench/plugins/fr.ac6.mcu.externaltools.arm-none.win32_1.16.0.201807130628/tools/compiler/bin/../lib/gcc/arm-none-eabi/7.2.1/thumb/v7e-m/fpv4-sp/hard/crti.o
LOAD c:/ac6/systemworkbench/plugins/fr.ac6.mcu.externaltools.arm-none.win32_1.16.0.201807130628/tools/compiler/bin/../lib/gcc/arm-none-eabi/7.2.1/thumb/v7e-m/fpv4-sp/hard/crtbegin.o
LOAD c:/ac6/systemworkbench/plugins/fr.ac6.mcu.externaltools.arm-none.win32_1.16.0.201807130628/tools/compiler/bin/../lib/gcc/arm-none-eabi/7.2.1/../../../../arm-none-eabi/lib/thumb/v7e-m/fpv4-sp/hard/crt0.o
LOAD src/adc.o
LOAD src/adc_dma.o
LOAD src/dma.o
LOAD src/exti.o
LOAD src/flash.o
LOAD src/gpio.o
LOAD src/main.o
LOAD src/max7301.o
LOAD src/nvic.o
LOAD src/rcc.o
LOAD src/spi.o
LOAD src/spi_dma.o
LOAD src/stm32f4xx_it.o
LOAD src/stmeval_led.o
LOAD src/syscalls.o
LOAD src/sysinit.o
LOAD src/system_stm32f4xx.o
LOAD src/tlc5971.o
LOAD startup/startup_stm32.o
LOAD c:/ac6/systemworkbench/plugins/fr.ac6.mcu.externaltools.arm-none.win32_1.16.0.201807130628/tools/compiler/bin/../lib/gcc/arm-none-eabi/7.2.1/../../../../arm-none-eabi/lib/thumb/v7e-m/fpv4-sp/hard\libm.a
START GROUP
LOAD c:/ac6/systemworkbench/plugins/fr.ac6.mcu.externaltools.arm-none.win32_1.16.0.201807130628/tools/compiler/bin/../lib/gcc/arm-none-eabi/7.2.1/thumb/v7e-m/fpv4-sp/hard\libgcc.a
LOAD c:/ac6/systemworkbench/plugins/fr.ac6.mcu.externaltools.arm-none.win32_1.16.0.201807130628/tools/compiler/bin/../lib/gcc/arm-none-eabi/7.2.1/../../../../arm-none-eabi/lib/thumb/v7e-m/fpv4-sp/hard\libc.a
END GROUP
LOAD c:/ac6/systemworkbench/plugins/fr.ac6.mcu.externaltools.arm-none.win32_1.16.0.201807130628/tools/compiler/bin/../lib/gcc/arm-none-eabi/7.2.1/thumb/v7e-m/fpv4-sp/hard/crtend.o
LOAD c:/ac6/systemworkbench/plugins/fr.ac6.mcu.externaltools.arm-none.win32_1.16.0.201807130628/tools/compiler/bin/../lib/gcc/arm-none-eabi/7.2.1/thumb/v7e-m/fpv4-sp/hard/crtn.o
                0x20020000                _estack = 0x20020000
                0x00000000                _Min_Heap_Size = 0x0
                0x00000400                _Min_Stack_Size = 0x400

.isr_vector     0x08000000      0x1a8
                0x08000000                . = ALIGN (0x4)
 *(.isr_vector)
 .isr_vector    0x08000000      0x1a8 startup/startup_stm32.o
                0x08000000                g_pfnVectors
                0x080001a8                . = ALIGN (0x4)

.text           0x080001a8     0x220c
                0x080001a8                . = ALIGN (0x4)
 *(.text)
 .text          0x080001a8       0x40 c:/ac6/systemworkbench/plugins/fr.ac6.mcu.externaltools.arm-none.win32_1.16.0.201807130628/tools/compiler/bin/../lib/gcc/arm-none-eabi/7.2.1/thumb/v7e-m/fpv4-sp/hard/crtbegin.o
 *(.text*)
 .text.ADC_init
                0x080001e8      0x120 src/adc.o
                0x080001e8                ADC_init
 .text.ADC_startConv
                0x08000308       0x20 src/adc.o
                0x08000308                ADC_startConv
 .text.ADC_initAverageStructure
                0x08000328       0x90 src/adc.o
                0x08000328                ADC_initAverageStructure
 .text.ADC_acquisitionData
                0x080003b8       0x70 src/adc.o
                0x080003b8                ADC_acquisitionData
 .text.comp     0x08000428       0x3e src/adc.o
                0x08000428                comp
 *fill*         0x08000466        0x2 
 .text.ADC_averageFunction
                0x08000468       0xd8 src/adc.o
                0x08000468                ADC_averageFunction
 .text.ADC_accessAdcMeasure
                0x08000540       0x14 src/adc.o
                0x08000540                ADC_accessAdcMeasure
 .text.ADC_DMA_init
                0x08000554       0xc8 src/adc_dma.o
                0x08000554                ADC_DMA_init
 .text.NVIC_ClearPendingIRQ
                0x0800061c       0x34 src/dma.o
 .text.DMA_clearFlag
                0x08000650       0x8c src/dma.o
                0x08000650                DMA_clearFlag
 .text.DMA_init
                0x080006dc       0x70 src/dma.o
                0x080006dc                DMA_init
 .text.DMA_deinit
                0x0800074c       0x48 src/dma.o
                0x0800074c                DMA_deinit
 .text.DMA_transferCompleteHandler
                0x08000794       0x2c src/dma.o
                0x08000794                DMA_transferCompleteHandler
 .text.DMA_halfTransferCompleteHandler
                0x080007c0       0x14 src/dma.o
                0x080007c0                DMA_halfTransferCompleteHandler
 .text.DMA_transferErrorHandler
                0x080007d4       0x14 src/dma.o
                0x080007d4                DMA_transferErrorHandler
 .text.DMA_directModeErrorHandler
                0x080007e8       0x14 src/dma.o
                0x080007e8                DMA_directModeErrorHandler
 .text.DMA_FIFOErrorHandler
                0x080007fc       0x14 src/dma.o
                0x080007fc                DMA_FIFOErrorHandler
 .text.DMA_INT_processInterrupt
                0x08000810       0x6a src/dma.o
 *fill*         0x0800087a        0x2 
 .text.DMA1_Stream3_IRQHandler
                0x0800087c       0x20 src/dma.o
                0x0800087c                DMA1_Stream3_IRQHandler
 .text.DMA1_Stream4_IRQHandler
                0x0800089c       0x20 src/dma.o
                0x0800089c                DMA1_Stream4_IRQHandler
 .text.DMA2_Stream0_IRQHandler
                0x080008bc       0x20 src/dma.o
                0x080008bc                DMA2_Stream0_IRQHandler
 .text.DMA2_Stream2_IRQHandler
                0x080008dc       0x20 src/dma.o
                0x080008dc                DMA2_Stream2_IRQHandler
 .text.DMA2_Stream3_IRQHandler
                0x080008fc       0x20 src/dma.o
                0x080008fc                DMA2_Stream3_IRQHandler
 .text.EXTI_init
                0x0800091c       0xb4 src/exti.o
                0x0800091c                EXTI_init
 .text.FLASH_init
                0x080009d0       0x1c src/flash.o
                0x080009d0                FLASH_init
 .text.GPIO_getPortSource
                0x080009ec       0x22 src/gpio.o
                0x080009ec                GPIO_getPortSource
 *fill*         0x08000a0e        0x2 
 .text.GPIO_enableClock
                0x08000a10       0x30 src/gpio.o
                0x08000a10                GPIO_enableClock
 .text.GPIO_init
                0x08000a40       0xea src/gpio.o
                0x08000a40                GPIO_init
 .text.GPIO_initAlternate
                0x08000b2a       0xa8 src/gpio.o
                0x08000b2a                GPIO_initAlternate
 .text.GPIO_setPin
                0x08000bd2       0x1e src/gpio.o
                0x08000bd2                GPIO_setPin
 .text.GPIO_resetPin
                0x08000bf0       0x20 src/gpio.o
                0x08000bf0                GPIO_resetPin
 .text.GPIO_togglePin
                0x08000c10       0x24 src/gpio.o
                0x08000c10                GPIO_togglePin
 .text.NVIC_ClearPendingIRQ
                0x08000c34       0x34 src/main.o
 .text.main     0x08000c68       0xcc src/main.o
                0x08000c68                main
 .text.EXTI0_IRQHandler
                0x08000d34       0x48 src/main.o
                0x08000d34                EXTI0_IRQHandler
 .text.SysTick_Handler
                0x08000d7c       0x94 src/main.o
                0x08000d7c                SysTick_Handler
 .text.MAX7301_createPackage
                0x08000e10       0x8c src/max7301.o
 .text.MAX7301_init
                0x08000e9c       0x64 src/max7301.o
                0x08000e9c                MAX7301_init
 .text.MAX7301_readData
                0x08000f00       0x60 src/max7301.o
                0x08000f00                MAX7301_readData
 .text.NVIC_EnableIRQ
                0x08000f60       0x34 src/nvic.o
 .text.NVIC_ClearPendingIRQ
                0x08000f94       0x34 src/nvic.o
 .text.NVIC_SetPriority
                0x08000fc8       0x54 src/nvic.o
 .text.NVIC_init
                0x0800101c       0x84 src/nvic.o
                0x0800101c                NVIC_init
 .text.RCC_initHsePll
                0x080010a0       0x80 src/rcc.o
                0x080010a0                RCC_initHsePll
 .text.RCC_enableSysConfClock
                0x08001120       0x20 src/rcc.o
                0x08001120                RCC_enableSysConfClock
 .text.RCC_enableSpiClock
                0x08001140       0x2c src/rcc.o
                0x08001140                RCC_enableSpiClock
 .text.SPI_init
                0x0800116c       0x62 src/spi.o
                0x0800116c                SPI_init
 *fill*         0x080011ce        0x2 
 .text.SPI_initPinsPack
                0x080011d0      0x118 src/spi.o
                0x080011d0                SPI_initPinsPack
 .text.SPI_txRxDataHalfWord
                0x080012e8       0x62 src/spi.o
                0x080012e8                SPI_txRxDataHalfWord
 *fill*         0x0800134a        0x2 
 .text.SPI_DMA_init
                0x0800134c       0xb8 src/spi_dma.o
                0x0800134c                SPI_DMA_init
 .text.SPI_DMA_transmit8bits
                0x08001404      0x158 src/spi_dma.o
                0x08001404                SPI_DMA_transmit8bits
 .text.SPI_DMA_getSettings
                0x0800155c       0x54 src/spi_dma.o
 .text.STM_EVAL_initAllLeds
                0x080015b0       0x28 src/stmeval_led.o
                0x080015b0                STM_EVAL_initAllLeds
 .text.STM_EVAL_ledToggle
                0x080015d8       0x1e src/stmeval_led.o
                0x080015d8                STM_EVAL_ledToggle
 *fill*         0x080015f6        0x2 
 .text.STM_EVAL_initButton
                0x080015f8       0x40 src/stmeval_led.o
                0x080015f8                STM_EVAL_initButton
 .text.STM_EVAL_initBoard
                0x08001638       0xac src/stmeval_led.o
                0x08001638                STM_EVAL_initBoard
 .text.NVIC_SetPriority
                0x080016e4       0x54 src/sysinit.o
 .text.SysTick_Config
                0x08001738       0x44 src/sysinit.o
 .text.SYS_init
                0x0800177c       0x4c src/sysinit.o
                0x0800177c                SYS_init
 .text.SystemInit
                0x080017c8       0x6c src/system_stm32f4xx.o
                0x080017c8                SystemInit
 .text.SystemCoreClockUpdate
                0x08001834       0xf4 src/system_stm32f4xx.o
                0x08001834                SystemCoreClockUpdate
 .text.TLC5971_init
                0x08001928       0x80 src/tlc5971.o
                0x08001928                TLC5971_init
 .text.TLC5971_setLed
                0x080019a8       0x38 src/tlc5971.o
                0x080019a8                TLC5971_setLed
 .text.TLC5971_clrLedAll
                0x080019e0       0x28 src/tlc5971.o
                0x080019e0                TLC5971_clrLedAll
 .text.TLC5971_setLuminosity
                0x08001a08       0x28 src/tlc5971.o
                0x08001a08                TLC5971_setLuminosity
 .text.TLC5971_sendPacket
                0x08001a30       0x20 src/tlc5971.o
                0x08001a30                TLC5971_sendPacket
 .text.TLC5971_setPackageValue
                0x08001a50      0x1d8 src/tlc5971.o
 .text.Reset_Handler
                0x08001c28       0x50 startup/startup_stm32.o
                0x08001c28                Reset_Handler
 .text.Default_Handler
                0x08001c78        0x2 startup/startup_stm32.o
                0x08001c78                RTC_Alarm_IRQHandler
                0x08001c78                HASH_RNG_IRQHandler
                0x08001c78                EXTI2_IRQHandler
                0x08001c78                TIM8_CC_IRQHandler
                0x08001c78                DebugMon_Handler
                0x08001c78                TIM1_CC_IRQHandler
                0x08001c78                DMA2_Stream5_IRQHandler
                0x08001c78                HardFault_Handler
                0x08001c78                DMA1_Stream5_IRQHandler
                0x08001c78                PVD_IRQHandler
                0x08001c78                SDIO_IRQHandler
                0x08001c78                TAMP_STAMP_IRQHandler
                0x08001c78                PendSV_Handler
                0x08001c78                NMI_Handler
                0x08001c78                CAN2_RX1_IRQHandler
                0x08001c78                EXTI3_IRQHandler
                0x08001c78                TIM8_TRG_COM_TIM14_IRQHandler
                0x08001c78                TIM1_UP_TIM10_IRQHandler
                0x08001c78                TIM8_UP_TIM13_IRQHandler
                0x08001c78                I2C3_ER_IRQHandler
                0x08001c78                LCD_TFT_IRQHandler
                0x08001c78                I2C2_EV_IRQHandler
                0x08001c78                DMA1_Stream2_IRQHandler
                0x08001c78                CAN1_RX0_IRQHandler
                0x08001c78                FPU_IRQHandler
                0x08001c78                OTG_HS_WKUP_IRQHandler
                0x08001c78                UsageFault_Handler
                0x08001c78                CAN2_SCE_IRQHandler
                0x08001c78                SPI1_IRQHandler
                0x08001c78                TIM6_DAC_IRQHandler
                0x08001c78                TIM1_BRK_TIM9_IRQHandler
                0x08001c78                DCMI_IRQHandler
                0x08001c78                CAN2_RX0_IRQHandler
                0x08001c78                USART6_IRQHandler
                0x08001c78                USART3_IRQHandler
                0x08001c78                CRYP_IRQHandler
                0x08001c78                CAN1_RX1_IRQHandler
                0x08001c78                UART5_IRQHandler
                0x08001c78                TIM4_IRQHandler
                0x08001c78                I2C1_EV_IRQHandler
                0x08001c78                DMA1_Stream6_IRQHandler
                0x08001c78                DMA1_Stream1_IRQHandler
                0x08001c78                UART4_IRQHandler
                0x08001c78                LCD_TFT_1_IRQHandler
                0x08001c78                TIM3_IRQHandler
                0x08001c78                RCC_IRQHandler
                0x08001c78                TIM8_BRK_TIM12_IRQHandler
                0x08001c78                Default_Handler
                0x08001c78                EXTI15_10_IRQHandler
                0x08001c78                ADC_IRQHandler
                0x08001c78                DMA1_Stream7_IRQHandler
                0x08001c78                TIM7_IRQHandler
                0x08001c78                CAN2_TX_IRQHandler
                0x08001c78                TIM5_IRQHandler
                0x08001c78                DMA2_Stream7_IRQHandler
                0x08001c78                I2C3_EV_IRQHandler
                0x08001c78                EXTI9_5_IRQHandler
                0x08001c78                RTC_WKUP_IRQHandler
                0x08001c78                ETH_WKUP_IRQHandler
                0x08001c78                SPI2_IRQHandler
                0x08001c78                OTG_HS_EP1_IN_IRQHandler
                0x08001c78                MemManage_Handler
                0x08001c78                DMA1_Stream0_IRQHandler
                0x08001c78                CAN1_TX_IRQHandler
                0x08001c78                SVC_Handler
                0x08001c78                EXTI4_IRQHandler
                0x08001c78                FSMC_IRQHandler
                0x08001c78                ETH_IRQHandler
                0x08001c78                OTG_HS_EP1_OUT_IRQHandler
                0x08001c78                WWDG_IRQHandler
                0x08001c78                TIM2_IRQHandler
                0x08001c78                OTG_FS_WKUP_IRQHandler
                0x08001c78                TIM1_TRG_COM_TIM11_IRQHandler
                0x08001c78                OTG_HS_IRQHandler
                0x08001c78                EXTI1_IRQHandler
                0x08001c78                USART2_IRQHandler
                0x08001c78                I2C2_ER_IRQHandler
                0x08001c78                DMA2_Stream1_IRQHandler
                0x08001c78                CAN1_SCE_IRQHandler
                0x08001c78                DMA2_Stream4_IRQHandler
                0x08001c78                BusFault_Handler
                0x08001c78                USART1_IRQHandler
                0x08001c78                OTG_FS_IRQHandler
                0x08001c78                SPI3_IRQHandler
                0x08001c78                I2C1_ER_IRQHandler
                0x08001c78                DMA2_Stream6_IRQHandler
 *fill*         0x08001c7a        0x2 
 .text.__libc_init_array
                0x08001c7c       0x48 c:/ac6/systemworkbench/plugins/fr.ac6.mcu.externaltools.arm-none.win32_1.16.0.201807130628/tools/compiler/bin/../lib/gcc/arm-none-eabi/7.2.1/../../../../arm-none-eabi/lib/thumb/v7e-m/fpv4-sp/hard\libc.a(lib_a-init.o)
                0x08001c7c                __libc_init_array
 .text.qsort    0x08001cc4      0x5bc c:/ac6/systemworkbench/plugins/fr.ac6.mcu.externaltools.arm-none.win32_1.16.0.201807130628/tools/compiler/bin/../lib/gcc/arm-none-eabi/7.2.1/../../../../arm-none-eabi/lib/thumb/v7e-m/fpv4-sp/hard\libc.a(lib_a-qsort.o)
                0x08001cc4                qsort
 .text.startup.register_fini
                0x08002280       0x14 c:/ac6/systemworkbench/plugins/fr.ac6.mcu.externaltools.arm-none.win32_1.16.0.201807130628/tools/compiler/bin/../lib/gcc/arm-none-eabi/7.2.1/../../../../arm-none-eabi/lib/thumb/v7e-m/fpv4-sp/hard\libc.a(lib_a-__call_atexit.o)
 .text.atexit   0x08002294        0xc c:/ac6/systemworkbench/plugins/fr.ac6.mcu.externaltools.arm-none.win32_1.16.0.201807130628/tools/compiler/bin/../lib/gcc/arm-none-eabi/7.2.1/../../../../arm-none-eabi/lib/thumb/v7e-m/fpv4-sp/hard\libc.a(lib_a-atexit.o)
                0x08002294                atexit
 .text.__libc_fini_array
                0x080022a0       0x34 c:/ac6/systemworkbench/plugins/fr.ac6.mcu.externaltools.arm-none.win32_1.16.0.201807130628/tools/compiler/bin/../lib/gcc/arm-none-eabi/7.2.1/../../../../arm-none-eabi/lib/thumb/v7e-m/fpv4-sp/hard\libc.a(lib_a-fini.o)
                0x080022a0                __libc_fini_array
 .text.__retarget_lock_acquire_recursive
                0x080022d4        0x4 c:/ac6/systemworkbench/plugins/fr.ac6.mcu.externaltools.arm-none.win32_1.16.0.201807130628/tools/compiler/bin/../lib/gcc/arm-none-eabi/7.2.1/../../../../arm-none-eabi/lib/thumb/v7e-m/fpv4-sp/hard\libc.a(lib_a-lock.o)
                0x080022d4                __retarget_lock_acquire_recursive
 .text.__retarget_lock_release_recursive
                0x080022d8        0x4 c:/ac6/systemworkbench/plugins/fr.ac6.mcu.externaltools.arm-none.win32_1.16.0.201807130628/tools/compiler/bin/../lib/gcc/arm-none-eabi/7.2.1/../../../../arm-none-eabi/lib/thumb/v7e-m/fpv4-sp/hard\libc.a(lib_a-lock.o)
                0x080022d8                __retarget_lock_release_recursive
 .text.__register_exitproc
                0x080022dc       0xc0 c:/ac6/systemworkbench/plugins/fr.ac6.mcu.externaltools.arm-none.win32_1.16.0.201807130628/tools/compiler/bin/../lib/gcc/arm-none-eabi/7.2.1/../../../../arm-none-eabi/lib/thumb/v7e-m/fpv4-sp/hard\libc.a(lib_a-__atexit.o)
                0x080022dc                __register_exitproc
 *(.glue_7)
 .glue_7        0x0800239c        0x0 linker stubs
 *(.glue_7t)
 .glue_7t       0x0800239c        0x0 linker stubs
 *(.eh_frame)
 .eh_frame      0x0800239c        0x0 c:/ac6/systemworkbench/plugins/fr.ac6.mcu.externaltools.arm-none.win32_1.16.0.201807130628/tools/compiler/bin/../lib/gcc/arm-none-eabi/7.2.1/thumb/v7e-m/fpv4-sp/hard/crtbegin.o
 *(.init)
 .init          0x0800239c        0x4 c:/ac6/systemworkbench/plugins/fr.ac6.mcu.externaltools.arm-none.win32_1.16.0.201807130628/tools/compiler/bin/../lib/gcc/arm-none-eabi/7.2.1/thumb/v7e-m/fpv4-sp/hard/crti.o
                0x0800239c                _init
 .init          0x080023a0        0x8 c:/ac6/systemworkbench/plugins/fr.ac6.mcu.externaltools.arm-none.win32_1.16.0.201807130628/tools/compiler/bin/../lib/gcc/arm-none-eabi/7.2.1/thumb/v7e-m/fpv4-sp/hard/crtn.o
 *(.fini)
 .fini          0x080023a8        0x4 c:/ac6/systemworkbench/plugins/fr.ac6.mcu.externaltools.arm-none.win32_1.16.0.201807130628/tools/compiler/bin/../lib/gcc/arm-none-eabi/7.2.1/thumb/v7e-m/fpv4-sp/hard/crti.o
                0x080023a8                _fini
 .fini          0x080023ac        0x8 c:/ac6/systemworkbench/plugins/fr.ac6.mcu.externaltools.arm-none.win32_1.16.0.201807130628/tools/compiler/bin/../lib/gcc/arm-none-eabi/7.2.1/thumb/v7e-m/fpv4-sp/hard/crtn.o
                0x080023b4                . = ALIGN (0x4)
                0x080023b4                _etext = .

.vfp11_veneer   0x080023b4        0x0
 .vfp11_veneer  0x080023b4        0x0 linker stubs

.v4_bx          0x080023b4        0x0
 .v4_bx         0x080023b4        0x0 linker stubs

.iplt           0x080023b4        0x0
 .iplt          0x080023b4        0x0 c:/ac6/systemworkbench/plugins/fr.ac6.mcu.externaltools.arm-none.win32_1.16.0.201807130628/tools/compiler/bin/../lib/gcc/arm-none-eabi/7.2.1/thumb/v7e-m/fpv4-sp/hard/crtbegin.o

.rodata         0x080023b4       0x20
                0x080023b4                . = ALIGN (0x4)
 *(.rodata)
 .rodata        0x080023b4        0x4 src/dma.o
 .rodata        0x080023b8       0x18 src/system_stm32f4xx.o
                0x080023b8                AHBPrescTable
                0x080023c8                APBPrescTable
 *(.rodata*)
 .rodata._global_impure_ptr
                0x080023d0        0x4 c:/ac6/systemworkbench/plugins/fr.ac6.mcu.externaltools.arm-none.win32_1.16.0.201807130628/tools/compiler/bin/../lib/gcc/arm-none-eabi/7.2.1/../../../../arm-none-eabi/lib/thumb/v7e-m/fpv4-sp/hard\libc.a(lib_a-impure.o)
                0x080023d0                _global_impure_ptr
                0x080023d4                . = ALIGN (0x4)

.rel.dyn        0x080023d4        0x0
 .rel.iplt      0x080023d4        0x0 c:/ac6/systemworkbench/plugins/fr.ac6.mcu.externaltools.arm-none.win32_1.16.0.201807130628/tools/compiler/bin/../lib/gcc/arm-none-eabi/7.2.1/thumb/v7e-m/fpv4-sp/hard/crtbegin.o

.ARM.extab      0x080023d4        0x0
                0x080023d4                . = ALIGN (0x4)
 *(.ARM.extab* .gnu.linkonce.armextab.*)
                0x080023d4                . = ALIGN (0x4)

.ARM            0x080023d4        0x0
                0x080023d4                . = ALIGN (0x4)
                0x080023d4                __exidx_start = .
 *(.ARM.exidx*)
                0x080023d4                __exidx_end = .
                0x080023d4                . = ALIGN (0x4)

.preinit_array  0x080023d4        0x0
                0x080023d4                . = ALIGN (0x4)
                0x080023d4                PROVIDE (__preinit_array_start, .)
 *(.preinit_array*)
                0x080023d4                PROVIDE (__preinit_array_end, .)
                0x080023d4                . = ALIGN (0x4)

.init_array     0x080023d4        0x8
                0x080023d4                . = ALIGN (0x4)
                0x080023d4                PROVIDE (__init_array_start, .)
 *(SORT_BY_NAME(.init_array.*))
 .init_array.00000
                0x080023d4        0x4 c:/ac6/systemworkbench/plugins/fr.ac6.mcu.externaltools.arm-none.win32_1.16.0.201807130628/tools/compiler/bin/../lib/gcc/arm-none-eabi/7.2.1/../../../../arm-none-eabi/lib/thumb/v7e-m/fpv4-sp/hard\libc.a(lib_a-__call_atexit.o)
 *(.init_array*)
 .init_array    0x080023d8        0x4 c:/ac6/systemworkbench/plugins/fr.ac6.mcu.externaltools.arm-none.win32_1.16.0.201807130628/tools/compiler/bin/../lib/gcc/arm-none-eabi/7.2.1/thumb/v7e-m/fpv4-sp/hard/crtbegin.o
                0x080023dc                PROVIDE (__init_array_end, .)
                0x080023dc                . = ALIGN (0x4)

.fini_array     0x080023dc        0x4
                0x080023dc                . = ALIGN (0x4)
                0x080023dc                PROVIDE (__fini_array_start, .)
 *(SORT_BY_NAME(.fini_array.*))
 *(.fini_array*)
 .fini_array    0x080023dc        0x4 c:/ac6/systemworkbench/plugins/fr.ac6.mcu.externaltools.arm-none.win32_1.16.0.201807130628/tools/compiler/bin/../lib/gcc/arm-none-eabi/7.2.1/thumb/v7e-m/fpv4-sp/hard/crtbegin.o
                0x080023e0                PROVIDE (__fini_array_end, .)
                0x080023e0                . = ALIGN (0x4)
                0x080023e0                _sidata = LOADADDR (.data)

.data           0x20000000      0x46c load address 0x080023e0
                0x20000000                . = ALIGN (0x4)
                0x20000000                _sdata = .
 *(.data)
 .data          0x20000000        0xc src/main.o
 .data          0x2000000c       0x30 src/spi_dma.o
 .data          0x2000003c        0x4 src/system_stm32f4xx.o
                0x2000003c                SystemCoreClock
 *(.data*)
 .data.impure_data
                0x20000040      0x428 c:/ac6/systemworkbench/plugins/fr.ac6.mcu.externaltools.arm-none.win32_1.16.0.201807130628/tools/compiler/bin/../lib/gcc/arm-none-eabi/7.2.1/../../../../arm-none-eabi/lib/thumb/v7e-m/fpv4-sp/hard\libc.a(lib_a-impure.o)
 .data.__atexit_recursive_mutex
                0x20000468        0x4 c:/ac6/systemworkbench/plugins/fr.ac6.mcu.externaltools.arm-none.win32_1.16.0.201807130628/tools/compiler/bin/../lib/gcc/arm-none-eabi/7.2.1/../../../../arm-none-eabi/lib/thumb/v7e-m/fpv4-sp/hard\libc.a(lib_a-__call_atexit.o)
                0x20000468                __atexit_recursive_mutex
                0x2000046c                . = ALIGN (0x4)
                0x2000046c                _edata = .

.igot.plt       0x2000046c        0x0 load address 0x0800284c
 .igot.plt      0x2000046c        0x0 c:/ac6/systemworkbench/plugins/fr.ac6.mcu.externaltools.arm-none.win32_1.16.0.201807130628/tools/compiler/bin/../lib/gcc/arm-none-eabi/7.2.1/thumb/v7e-m/fpv4-sp/hard/crtbegin.o
                0x2000046c                . = ALIGN (0x4)

.bss            0x2000046c      0x110 load address 0x0800284c
                0x2000046c                _sbss = .
                0x2000046c                __bss_start__ = _sbss
 *(.bss)
 .bss           0x2000046c       0x1c c:/ac6/systemworkbench/plugins/fr.ac6.mcu.externaltools.arm-none.win32_1.16.0.201807130628/tools/compiler/bin/../lib/gcc/arm-none-eabi/7.2.1/thumb/v7e-m/fpv4-sp/hard/crtbegin.o
 .bss           0x20000488        0x3 src/main.o
 *fill*         0x2000048b        0x1 
 .bss           0x2000048c        0x6 src/max7301.o
 *fill*         0x20000492        0x2 
 .bss           0x20000494       0x58 src/tlc5971.o
 *(.bss*)
 *(COMMON)
 COMMON         0x200004ec       0x62 src/adc.o
                0x200004ec                st_adc_measure
 *fill*         0x2000054e        0x2 
 COMMON         0x20000550        0x1 src/adc_dma.o
                0x20000550                st_dma_flags
 COMMON         0x20000551        0x4 src/main.o
                0x20000551                SysTick_time1_flag
                0x20000552                SysTick_time4_flag
                0x20000553                SysTick_time2_flag
                0x20000554                SysTick_time3_flag
 *fill*         0x20000555        0x3 
 COMMON         0x20000558       0x21 c:/ac6/systemworkbench/plugins/fr.ac6.mcu.externaltools.arm-none.win32_1.16.0.201807130628/tools/compiler/bin/../lib/gcc/arm-none-eabi/7.2.1/../../../../arm-none-eabi/lib/thumb/v7e-m/fpv4-sp/hard\libc.a(lib_a-lock.o)
                0x20000558                __lock___atexit_recursive_mutex
                0x2000055c                __lock___arc4random_mutex
                0x20000560                __lock___env_recursive_mutex
                0x20000564                __lock___sinit_recursive_mutex
                0x20000568                __lock___malloc_recursive_mutex
                0x2000056c                __lock___at_quick_exit_mutex
                0x20000570                __lock___dd_hash_mutex
                0x20000574                __lock___tz_mutex
                0x20000578                __lock___sfp_recursive_mutex
                0x2000057c                . = ALIGN (0x4)
 *fill*         0x20000579        0x3 
                0x2000057c                _ebss = .
                0x2000057c                __bss_end__ = _ebss

._user_heap_stack
                0x2000057c      0x404 load address 0x0800284c
                0x20000580                . = ALIGN (0x8)
 *fill*         0x2000057c        0x4 
                0x20000580                PROVIDE (end, .)
                [!provide]                PROVIDE (_end, .)
                0x20000580                . = (. + _Min_Heap_Size)
                0x20000980                . = (. + _Min_Stack_Size)
 *fill*         0x20000580      0x400 
                0x20000980                . = ALIGN (0x8)

/DISCARD/
 libc.a(*)
 libm.a(*)
 libgcc.a(*)

.ARM.attributes
                0x00000000       0x30
 *(.ARM.attributes)
 .ARM.attributes
                0x00000000       0x22 c:/ac6/systemworkbench/plugins/fr.ac6.mcu.externaltools.arm-none.win32_1.16.0.201807130628/tools/compiler/bin/../lib/gcc/arm-none-eabi/7.2.1/thumb/v7e-m/fpv4-sp/hard/crti.o
 .ARM.attributes
                0x00000022       0x34 c:/ac6/systemworkbench/plugins/fr.ac6.mcu.externaltools.arm-none.win32_1.16.0.201807130628/tools/compiler/bin/../lib/gcc/arm-none-eabi/7.2.1/thumb/v7e-m/fpv4-sp/hard/crtbegin.o
 .ARM.attributes
                0x00000056       0x39 src/adc.o
 .ARM.attributes
                0x0000008f       0x39 src/adc_dma.o
 .ARM.attributes
                0x000000c8       0x39 src/dma.o
 .ARM.attributes
                0x00000101       0x39 src/exti.o
 .ARM.attributes
                0x0000013a       0x39 src/flash.o
 .ARM.attributes
                0x00000173       0x39 src/gpio.o
 .ARM.attributes
                0x000001ac       0x39 src/main.o
 .ARM.attributes
                0x000001e5       0x39 src/max7301.o
 .ARM.attributes
                0x0000021e       0x39 src/nvic.o
 .ARM.attributes
                0x00000257       0x39 src/rcc.o
 .ARM.attributes
                0x00000290       0x39 src/spi.o
 .ARM.attributes
                0x000002c9       0x39 src/spi_dma.o
 .ARM.attributes
                0x00000302       0x39 src/stmeval_led.o
 .ARM.attributes
                0x0000033b       0x39 src/sysinit.o
 .ARM.attributes
                0x00000374       0x39 src/system_stm32f4xx.o
 .ARM.attributes
                0x000003ad       0x39 src/tlc5971.o
 .ARM.attributes
                0x000003e6       0x21 startup/startup_stm32.o
 .ARM.attributes
                0x00000407       0x34 c:/ac6/systemworkbench/plugins/fr.ac6.mcu.externaltools.arm-none.win32_1.16.0.201807130628/tools/compiler/bin/../lib/gcc/arm-none-eabi/7.2.1/../../../../arm-none-eabi/lib/thumb/v7e-m/fpv4-sp/hard\libc.a(lib_a-impure.o)
 .ARM.attributes
                0x0000043b       0x34 c:/ac6/systemworkbench/plugins/fr.ac6.mcu.externaltools.arm-none.win32_1.16.0.201807130628/tools/compiler/bin/../lib/gcc/arm-none-eabi/7.2.1/../../../../arm-none-eabi/lib/thumb/v7e-m/fpv4-sp/hard\libc.a(lib_a-init.o)
 .ARM.attributes
                0x0000046f       0x34 c:/ac6/systemworkbench/plugins/fr.ac6.mcu.externaltools.arm-none.win32_1.16.0.201807130628/tools/compiler/bin/../lib/gcc/arm-none-eabi/7.2.1/../../../../arm-none-eabi/lib/thumb/v7e-m/fpv4-sp/hard\libc.a(lib_a-qsort.o)
 .ARM.attributes
                0x000004a3       0x34 c:/ac6/systemworkbench/plugins/fr.ac6.mcu.externaltools.arm-none.win32_1.16.0.201807130628/tools/compiler/bin/../lib/gcc/arm-none-eabi/7.2.1/../../../../arm-none-eabi/lib/thumb/v7e-m/fpv4-sp/hard\libc.a(lib_a-__call_atexit.o)
 .ARM.attributes
                0x000004d7       0x34 c:/ac6/systemworkbench/plugins/fr.ac6.mcu.externaltools.arm-none.win32_1.16.0.201807130628/tools/compiler/bin/../lib/gcc/arm-none-eabi/7.2.1/../../../../arm-none-eabi/lib/thumb/v7e-m/fpv4-sp/hard\libc.a(lib_a-atexit.o)
 .ARM.attributes
                0x0000050b       0x34 c:/ac6/systemworkbench/plugins/fr.ac6.mcu.externaltools.arm-none.win32_1.16.0.201807130628/tools/compiler/bin/../lib/gcc/arm-none-eabi/7.2.1/../../../../arm-none-eabi/lib/thumb/v7e-m/fpv4-sp/hard\libc.a(lib_a-fini.o)
 .ARM.attributes
                0x0000053f       0x34 c:/ac6/systemworkbench/plugins/fr.ac6.mcu.externaltools.arm-none.win32_1.16.0.201807130628/tools/compiler/bin/../lib/gcc/arm-none-eabi/7.2.1/../../../../arm-none-eabi/lib/thumb/v7e-m/fpv4-sp/hard\libc.a(lib_a-lock.o)
 .ARM.attributes
                0x00000573       0x34 c:/ac6/systemworkbench/plugins/fr.ac6.mcu.externaltools.arm-none.win32_1.16.0.201807130628/tools/compiler/bin/../lib/gcc/arm-none-eabi/7.2.1/../../../../arm-none-eabi/lib/thumb/v7e-m/fpv4-sp/hard\libc.a(lib_a-__atexit.o)
 .ARM.attributes
                0x000005a7       0x22 c:/ac6/systemworkbench/plugins/fr.ac6.mcu.externaltools.arm-none.win32_1.16.0.201807130628/tools/compiler/bin/../lib/gcc/arm-none-eabi/7.2.1/thumb/v7e-m/fpv4-sp/hard/crtn.o
OUTPUT(keyboardLed.elf elf32-littlearm)

.debug_info     0x00000000     0xa1cc
 .debug_info    0x00000000     0x1098 src/adc.o
 .debug_info    0x00001098      0xb95 src/adc_dma.o
 .debug_info    0x00001c2d     0x107d src/dma.o
 .debug_info    0x00002caa      0x1fb src/exti.o
 .debug_info    0x00002ea5      0x198 src/flash.o
 .debug_info    0x0000303d      0x6d2 src/gpio.o
 .debug_info    0x0000370f     0x100f src/main.o
 .debug_info    0x0000471e      0xbab src/max7301.o
 .debug_info    0x000052c9      0x6e4 src/nvic.o
 .debug_info    0x000059ad      0x329 src/rcc.o
 .debug_info    0x00005cd6      0x50b src/spi.o
 .debug_info    0x000061e1      0xf25 src/spi_dma.o
 .debug_info    0x00007106      0xe97 src/stmeval_led.o
 .debug_info    0x00007f9d      0xfcc src/sysinit.o
 .debug_info    0x00008f69      0x4fb src/system_stm32f4xx.o
 .debug_info    0x00009464      0xd46 src/tlc5971.o
 .debug_info    0x0000a1aa       0x22 startup/startup_stm32.o

.debug_abbrev   0x00000000     0x1ee2
 .debug_abbrev  0x00000000      0x2a8 src/adc.o
 .debug_abbrev  0x000002a8      0x218 src/adc_dma.o
 .debug_abbrev  0x000004c0      0x2d7 src/dma.o
 .debug_abbrev  0x00000797      0x10d src/exti.o
 .debug_abbrev  0x000008a4       0xcc src/flash.o
 .debug_abbrev  0x00000970      0x15f src/gpio.o
 .debug_abbrev  0x00000acf      0x2d7 src/main.o
 .debug_abbrev  0x00000da6      0x259 src/max7301.o
 .debug_abbrev  0x00000fff      0x182 src/nvic.o
 .debug_abbrev  0x00001181       0xe4 src/rcc.o
 .debug_abbrev  0x00001265      0x141 src/spi.o
 .debug_abbrev  0x000013a6      0x291 src/spi_dma.o
 .debug_abbrev  0x00001637      0x248 src/stmeval_led.o
 .debug_abbrev  0x0000187f      0x26b src/sysinit.o
 .debug_abbrev  0x00001aea      0x111 src/system_stm32f4xx.o
 .debug_abbrev  0x00001bfb      0x2d5 src/tlc5971.o
 .debug_abbrev  0x00001ed0       0x12 startup/startup_stm32.o

.debug_aranges  0x00000000      0x448
 .debug_aranges
                0x00000000       0x50 src/adc.o
 .debug_aranges
                0x00000050       0x20 src/adc_dma.o
 .debug_aranges
                0x00000070       0x90 src/dma.o
 .debug_aranges
                0x00000100       0x28 src/exti.o
 .debug_aranges
                0x00000128       0x20 src/flash.o
 .debug_aranges
                0x00000148       0x60 src/gpio.o
 .debug_aranges
                0x000001a8       0x40 src/main.o
 .debug_aranges
                0x000001e8       0x30 src/max7301.o
 .debug_aranges
                0x00000218       0x40 src/nvic.o
 .debug_aranges
                0x00000258       0x48 src/rcc.o
 .debug_aranges
                0x000002a0       0x40 src/spi.o
 .debug_aranges
                0x000002e0       0x40 src/spi_dma.o
 .debug_aranges
                0x00000320       0x50 src/stmeval_led.o
 .debug_aranges
                0x00000370       0x30 src/sysinit.o
 .debug_aranges
                0x000003a0       0x28 src/system_stm32f4xx.o
 .debug_aranges
                0x000003c8       0x58 src/tlc5971.o
 .debug_aranges
                0x00000420       0x28 startup/startup_stm32.o

.debug_ranges   0x00000000      0x340
 .debug_ranges  0x00000000       0x40 src/adc.o
 .debug_ranges  0x00000040       0x10 src/adc_dma.o
 .debug_ranges  0x00000050       0x80 src/dma.o
 .debug_ranges  0x000000d0       0x18 src/exti.o
 .debug_ranges  0x000000e8       0x10 src/flash.o
 .debug_ranges  0x000000f8       0x50 src/gpio.o
 .debug_ranges  0x00000148       0x30 src/main.o
 .debug_ranges  0x00000178       0x20 src/max7301.o
 .debug_ranges  0x00000198       0x30 src/nvic.o
 .debug_ranges  0x000001c8       0x38 src/rcc.o
 .debug_ranges  0x00000200       0x30 src/spi.o
 .debug_ranges  0x00000230       0x30 src/spi_dma.o
 .debug_ranges  0x00000260       0x40 src/stmeval_led.o
 .debug_ranges  0x000002a0       0x20 src/sysinit.o
 .debug_ranges  0x000002c0       0x18 src/system_stm32f4xx.o
 .debug_ranges  0x000002d8       0x48 src/tlc5971.o
 .debug_ranges  0x00000320       0x20 startup/startup_stm32.o

.debug_macro    0x00000000    0x1a10f
 .debug_macro   0x00000000      0x1d2 src/adc.o
 .debug_macro   0x000001d2      0xa66 src/adc.o
 .debug_macro   0x00000c38       0x2c src/adc.o
 .debug_macro   0x00000c64       0x2f src/adc.o
 .debug_macro   0x00000c93       0x22 src/adc.o
 .debug_macro   0x00000cb5       0x87 src/adc.o
 .debug_macro   0x00000d3c       0x51 src/adc.o
 .debug_macro   0x00000d8d       0xef src/adc.o
 .debug_macro   0x00000e7c       0x6a src/adc.o
 .debug_macro   0x00000ee6      0x1df src/adc.o
 .debug_macro   0x000010c5       0x35 src/adc.o
 .debug_macro   0x000010fa       0x50 src/adc.o
 .debug_macro   0x0000114a      0xe66 src/adc.o
 .debug_macro   0x00001fb0    0x15d08 src/adc.o
 .debug_macro   0x00017cb8       0x43 src/adc.o
 .debug_macro   0x00017cfb       0x58 src/adc.o
 .debug_macro   0x00017d53       0x17 src/adc.o
 .debug_macro   0x00017d6a       0x35 src/adc.o
 .debug_macro   0x00017d9f       0x9c src/adc.o
 .debug_macro   0x00017e3b      0x174 src/adc.o
 .debug_macro   0x00017faf       0x58 src/adc.o
 .debug_macro   0x00018007       0x1f src/adc.o
 .debug_macro   0x00018026       0x43 src/adc.o
 .debug_macro   0x00018069       0x20 src/adc.o
 .debug_macro   0x00018089      0x18e src/adc.o
 .debug_macro   0x00018217      0x330 src/adc.o
 .debug_macro   0x00018547      0x1e1 src/adc.o
 .debug_macro   0x00018728       0x7c src/adc.o
 .debug_macro   0x000187a4       0x70 src/adc.o
 .debug_macro   0x00018814       0x28 src/adc.o
 .debug_macro   0x0001883c       0x16 src/adc.o
 .debug_macro   0x00018852       0x35 src/adc.o
 .debug_macro   0x00018887       0x16 src/adc.o
 .debug_macro   0x0001889d       0x29 src/adc.o
 .debug_macro   0x000188c6      0x1b1 src/adc_dma.o
 .debug_macro   0x00018a77       0x76 src/adc_dma.o
 .debug_macro   0x00018aed      0x198 src/dma.o
 .debug_macro   0x00018c85       0x70 src/dma.o
 .debug_macro   0x00018cf5       0xd4 src/exti.o
 .debug_macro   0x00018dc9       0xd4 src/flash.o
 .debug_macro   0x00018e9d       0xd9 src/gpio.o
 .debug_macro   0x00018f76       0x6a src/gpio.o
 .debug_macro   0x00018fe0      0x20c src/main.o
 .debug_macro   0x000191ec       0x2e src/main.o
 .debug_macro   0x0001921a       0x3a src/main.o
 .debug_macro   0x00019254       0x64 src/main.o
 .debug_macro   0x000192b8       0x2e src/main.o
 .debug_macro   0x000192e6       0x4c src/main.o
 .debug_macro   0x00019332       0x1c src/main.o
 .debug_macro   0x0001934e      0x1c0 src/max7301.o
 .debug_macro   0x0001950e       0x28 src/max7301.o
 .debug_macro   0x00019536       0x5e src/max7301.o
 .debug_macro   0x00019594       0xd4 src/nvic.o
 .debug_macro   0x00019668       0xd9 src/rcc.o
 .debug_macro   0x00019741       0x76 src/rcc.o
 .debug_macro   0x000197b7       0xe2 src/spi.o
 .debug_macro   0x00019899      0x1b1 src/spi_dma.o
 .debug_macro   0x00019a4a      0x1e9 src/stmeval_led.o
 .debug_macro   0x00019c33      0x20c src/sysinit.o
 .debug_macro   0x00019e3f       0xdc src/system_stm32f4xx.o
 .debug_macro   0x00019f1b      0x1c0 src/tlc5971.o
 .debug_macro   0x0001a0db       0x34 src/tlc5971.o

.debug_line     0x00000000     0x4dc2
 .debug_line    0x00000000      0x59c src/adc.o
 .debug_line    0x0000059c      0x4a2 src/adc_dma.o
 .debug_line    0x00000a3e      0x5a0 src/dma.o
 .debug_line    0x00000fde      0x401 src/exti.o
 .debug_line    0x000013df      0x3e3 src/flash.o
 .debug_line    0x000017c2      0x4b3 src/gpio.o
 .debug_line    0x00001c75      0x57f src/main.o
 .debug_line    0x000021f4      0x4e6 src/max7301.o
 .debug_line    0x000026da      0x450 src/nvic.o
 .debug_line    0x00002b2a      0x45e src/rcc.o
 .debug_line    0x00002f88      0x4b9 src/spi.o
 .debug_line    0x00003441      0x528 src/spi_dma.o
 .debug_line    0x00003969      0x559 src/stmeval_led.o
 .debug_line    0x00003ec2      0x535 src/sysinit.o
 .debug_line    0x000043f7      0x3e7 src/system_stm32f4xx.o
 .debug_line    0x000047de      0x568 src/tlc5971.o
 .debug_line    0x00004d46       0x7c startup/startup_stm32.o

.debug_str      0x00000000    0x8a333
 .debug_str     0x00000000    0x88671 src/adc.o
                              0x88956 (size before relaxing)
 .debug_str     0x00088671      0x3cf src/adc_dma.o
                              0x887e9 (size before relaxing)
 .debug_str     0x00088a40      0x849 src/dma.o
                              0x88886 (size before relaxing)
 .debug_str     0x00089289       0xb5 src/exti.o
                              0x8444c (size before relaxing)
 .debug_str     0x0008933e       0x47 src/flash.o
                              0x843cf (size before relaxing)
 .debug_str     0x00089385      0x1e1 src/gpio.o
                              0x84974 (size before relaxing)
 .debug_str     0x00089566      0x610 src/main.o
                              0x89331 (size before relaxing)
 .debug_str     0x00089b76       0x6b src/max7301.o
                              0x88a14 (size before relaxing)
 .debug_str     0x00089be1       0xbc src/nvic.o
                              0x849bd (size before relaxing)
 .debug_str     0x00089c9d       0x80 src/rcc.o
                              0x849bb (size before relaxing)
 .debug_str     0x00089d1d      0x16e src/spi.o
                              0x8499c (size before relaxing)
 .debug_str     0x00089e8b       0xf5 src/spi_dma.o
                              0x88afb (size before relaxing)
 .debug_str     0x00089f80       0xc0 src/stmeval_led.o
                              0x88ed7 (size before relaxing)
 .debug_str     0x0008a040       0x4c src/sysinit.o
                              0x892c1 (size before relaxing)
 .debug_str     0x0008a08c       0xa8 src/system_stm32f4xx.o
                              0x8457b (size before relaxing)
 .debug_str     0x0008a134      0x1d5 src/tlc5971.o
                              0x88a4b (size before relaxing)
 .debug_str     0x0008a309       0x2a startup/startup_stm32.o
                                 0x56 (size before relaxing)

.comment        0x00000000       0x7e
 .comment       0x00000000       0x7e src/adc.o
                                 0x7f (size before relaxing)
 .comment       0x0000007e       0x7f src/adc_dma.o
 .comment       0x0000007e       0x7f src/dma.o
 .comment       0x0000007e       0x7f src/exti.o
 .comment       0x0000007e       0x7f src/flash.o
 .comment       0x0000007e       0x7f src/gpio.o
 .comment       0x0000007e       0x7f src/main.o
 .comment       0x0000007e       0x7f src/max7301.o
 .comment       0x0000007e       0x7f src/nvic.o
 .comment       0x0000007e       0x7f src/rcc.o
 .comment       0x0000007e       0x7f src/spi.o
 .comment       0x0000007e       0x7f src/spi_dma.o
 .comment       0x0000007e       0x7f src/stmeval_led.o
 .comment       0x0000007e       0x7f src/sysinit.o
 .comment       0x0000007e       0x7f src/system_stm32f4xx.o
 .comment       0x0000007e       0x7f src/tlc5971.o

.debug_frame    0x00000000      0xec8
 .debug_frame   0x00000000      0x120 src/adc.o
 .debug_frame   0x00000120       0x34 src/adc_dma.o
 .debug_frame   0x00000154      0x224 src/dma.o
 .debug_frame   0x00000378       0x58 src/exti.o
 .debug_frame   0x000003d0       0x30 src/flash.o
 .debug_frame   0x00000400      0x16c src/gpio.o
 .debug_frame   0x0000056c       0xb4 src/main.o
 .debug_frame   0x00000620       0x6c src/max7301.o
 .debug_frame   0x0000068c       0xc4 src/nvic.o
 .debug_frame   0x00000750       0xcc src/rcc.o
 .debug_frame   0x0000081c       0xd4 src/spi.o
 .debug_frame   0x000008f0       0xc8 src/spi_dma.o
 .debug_frame   0x000009b8      0x10c src/stmeval_led.o
 .debug_frame   0x00000ac4       0x78 src/sysinit.o
 .debug_frame   0x00000b3c       0x58 src/system_stm32f4xx.o
 .debug_frame   0x00000b94      0x12c src/tlc5971.o
 .debug_frame   0x00000cc0       0x2c c:/ac6/systemworkbench/plugins/fr.ac6.mcu.externaltools.arm-none.win32_1.16.0.201807130628/tools/compiler/bin/../lib/gcc/arm-none-eabi/7.2.1/../../../../arm-none-eabi/lib/thumb/v7e-m/fpv4-sp/hard\libc.a(lib_a-init.o)
 .debug_frame   0x00000cec       0x48 c:/ac6/systemworkbench/plugins/fr.ac6.mcu.externaltools.arm-none.win32_1.16.0.201807130628/tools/compiler/bin/../lib/gcc/arm-none-eabi/7.2.1/../../../../arm-none-eabi/lib/thumb/v7e-m/fpv4-sp/hard\libc.a(lib_a-qsort.o)
 .debug_frame   0x00000d34       0x5c c:/ac6/systemworkbench/plugins/fr.ac6.mcu.externaltools.arm-none.win32_1.16.0.201807130628/tools/compiler/bin/../lib/gcc/arm-none-eabi/7.2.1/../../../../arm-none-eabi/lib/thumb/v7e-m/fpv4-sp/hard\libc.a(lib_a-__call_atexit.o)
 .debug_frame   0x00000d90       0x20 c:/ac6/systemworkbench/plugins/fr.ac6.mcu.externaltools.arm-none.win32_1.16.0.201807130628/tools/compiler/bin/../lib/gcc/arm-none-eabi/7.2.1/../../../../arm-none-eabi/lib/thumb/v7e-m/fpv4-sp/hard\libc.a(lib_a-atexit.o)
 .debug_frame   0x00000db0       0x34 c:/ac6/systemworkbench/plugins/fr.ac6.mcu.externaltools.arm-none.win32_1.16.0.201807130628/tools/compiler/bin/../lib/gcc/arm-none-eabi/7.2.1/../../../../arm-none-eabi/lib/thumb/v7e-m/fpv4-sp/hard\libc.a(lib_a-fini.o)
 .debug_frame   0x00000de4       0xb0 c:/ac6/systemworkbench/plugins/fr.ac6.mcu.externaltools.arm-none.win32_1.16.0.201807130628/tools/compiler/bin/../lib/gcc/arm-none-eabi/7.2.1/../../../../arm-none-eabi/lib/thumb/v7e-m/fpv4-sp/hard\libc.a(lib_a-lock.o)
 .debug_frame   0x00000e94       0x34 c:/ac6/systemworkbench/plugins/fr.ac6.mcu.externaltools.arm-none.win32_1.16.0.201807130628/tools/compiler/bin/../lib/gcc/arm-none-eabi/7.2.1/../../../../arm-none-eabi/lib/thumb/v7e-m/fpv4-sp/hard\libc.a(lib_a-__atexit.o)
